LSM6DS3_ACC_GYRO_driver_HL.c:394:25:LSM6DS3_X_Init	24	static
LSM6DS3_ACC_GYRO_driver_HL.c:453:25:LSM6DS3_X_DeInit	24	static
LSM6DS3_ACC_GYRO_driver_HL.c:516:19:LSM6DS3_X_Sensor_Enable	24	static
LSM6DS3_ACC_GYRO_driver_HL.c:542:25:LSM6DS3_X_Sensor_Disable	24	static
LSM6DS3_ACC_GYRO_driver_HL.c:575:25:LSM6DS3_X_Get_WhoAmI	16	static
LSM6DS3_ACC_GYRO_driver_HL.c:588:25:LSM6DS3_X_Check_WhoAmI	16	static
LSM6DS3_ACC_GYRO_driver_HL.c:600:25:LSM6DS3_X_Get_Axes	40	static
LSM6DS3_ACC_GYRO_driver_HL.c:631:25:LSM6DS3_X_Get_AxesRaw	24	static
LSM6DS3_ACC_GYRO_driver_HL.c:656:25:LSM6DS3_X_Get_Sensitivity	24	static
LSM6DS3_ACC_GYRO_driver_HL.c:695:25:LSM6DS3_X_Get_ODR	24	static
LSM6DS3_ACC_GYRO_driver_HL.c:753:25:LSM6DS3_X_Set_ODR	16	static
LSM6DS3_ACC_GYRO_driver_HL.c:776:25:LSM6DS3_X_Set_ODR_Value	16	static
LSM6DS3_ACC_GYRO_driver_HL.c:801:25:LSM6DS3_X_Get_FS	24	static
LSM6DS3_ACC_GYRO_driver_HL.c:838:25:LSM6DS3_X_Set_FS	24	static
LSM6DS3_ACC_GYRO_driver_HL.c:871:25:LSM6DS3_X_Set_FS_Value	24	static
LSM6DS3_ACC_GYRO_driver_HL.c:896:25:LSM6DS3_X_Get_Axes_Status	24	static
LSM6DS3_ACC_GYRO_driver_HL.c:927:25:LSM6DS3_X_Set_Axes_Status	16	static
LSM6DS3_ACC_GYRO_driver_HL.c:962:25:LSM6DS3_X_Read_Reg	24	static
LSM6DS3_ACC_GYRO_driver_HL.c:980:25:LSM6DS3_X_Write_Reg	16	static
LSM6DS3_ACC_GYRO_driver_HL.c:997:25:LSM6DS3_X_Get_DRDY_Status	24	static
LSM6DS3_ACC_GYRO_driver_HL.c:1026:25:LSM6DS3_G_Init	24	static
LSM6DS3_ACC_GYRO_driver_HL.c:1085:25:LSM6DS3_G_DeInit	24	static
LSM6DS3_ACC_GYRO_driver_HL.c:1112:25:LSM6DS3_G_Sensor_Enable	24	static
LSM6DS3_ACC_GYRO_driver_HL.c:1138:25:LSM6DS3_G_Sensor_Disable	24	static
LSM6DS3_ACC_GYRO_driver_HL.c:1171:25:LSM6DS3_G_Get_WhoAmI	16	static
LSM6DS3_ACC_GYRO_driver_HL.c:1183:25:LSM6DS3_G_Check_WhoAmI	16	static
LSM6DS3_ACC_GYRO_driver_HL.c:1195:25:LSM6DS3_G_Get_Axes	40	static
LSM6DS3_ACC_GYRO_driver_HL.c:1226:25:LSM6DS3_G_Get_AxesRaw	24	static
LSM6DS3_ACC_GYRO_driver_HL.c:1251:25:LSM6DS3_G_Get_Sensitivity	24	static
LSM6DS3_ACC_GYRO_driver_HL.c:1304:25:LSM6DS3_G_Get_ODR	24	static
LSM6DS3_ACC_GYRO_driver_HL.c:1356:25:LSM6DS3_G_Set_ODR	16	static
LSM6DS3_ACC_GYRO_driver_HL.c:1379:25:LSM6DS3_G_Set_ODR_Value	16	static
LSM6DS3_ACC_GYRO_driver_HL.c:1404:25:LSM6DS3_G_Get_FS	24	static
LSM6DS3_ACC_GYRO_driver_HL.c:1451:25:LSM6DS3_G_Set_FS	24	static
LSM6DS3_ACC_GYRO_driver_HL.c:1484:25:LSM6DS3_G_Set_FS_Value	24	static
LSM6DS3_ACC_GYRO_driver_HL.c:1523:25:LSM6DS3_G_Get_Axes_Status	24	static
LSM6DS3_ACC_GYRO_driver_HL.c:1554:25:LSM6DS3_G_Set_Axes_Status	16	static
LSM6DS3_ACC_GYRO_driver_HL.c:1589:25:LSM6DS3_G_Read_Reg	24	static
LSM6DS3_ACC_GYRO_driver_HL.c:1607:25:LSM6DS3_G_Write_Reg	16	static
LSM6DS3_ACC_GYRO_driver_HL.c:1624:25:LSM6DS3_G_Get_DRDY_Status	24	static
LSM6DS3_ACC_GYRO_driver_HL.c:1662:25:LSM6DS3_Get_WhoAmI	16	static
LSM6DS3_ACC_GYRO_driver_HL.c:1680:25:LSM6DS3_Check_WhoAmI	24	static
LSM6DS3_ACC_GYRO_driver_HL.c:1702:25:LSM6DS3_Read_Reg	24	static
LSM6DS3_ACC_GYRO_driver_HL.c:1720:25:LSM6DS3_Write_Reg	16	static
LSM6DS3_ACC_GYRO_driver_HL.c:1738:25:LSM6DS3_Set_Interrupt_Latch	16	static
LSM6DS3_ACC_GYRO_driver_HL.c:1765:25:LSM6DS3_X_Get_Axes_Raw	32	static
LSM6DS3_ACC_GYRO_driver_HL.c:1791:25:LSM6DS3_X_Set_ODR_When_Enabled	24	static
LSM6DS3_ACC_GYRO_driver_HL.c:1829:25:LSM6DS3_X_Set_ODR_When_Disabled	24	static
LSM6DS3_ACC_GYRO_driver_HL.c:1864:25:LSM6DS3_X_Set_ODR_Value_When_Enabled	24	static
LSM6DS3_ACC_GYRO_driver_HL.c:1896:25:LSM6DS3_X_Set_ODR_Value_When_Disabled	24	static
LSM6DS3_ACC_GYRO_driver_HL.c:1922:25:LSM6DS3_G_Get_Axes_Raw	32	static
LSM6DS3_ACC_GYRO_driver_HL.c:1948:25:LSM6DS3_G_Set_ODR_When_Enabled	24	static
LSM6DS3_ACC_GYRO_driver_HL.c:1986:25:LSM6DS3_G_Set_ODR_When_Disabled	24	static
LSM6DS3_ACC_GYRO_driver_HL.c:2021:25:LSM6DS3_G_Set_ODR_Value_When_Enabled	24	static
LSM6DS3_ACC_GYRO_driver_HL.c:2051:25:LSM6DS3_G_Set_ODR_Value_When_Disabled	24	static
LSM6DS3_ACC_GYRO_driver_HL.c:2084:25:LSM6DS3_X_Enable_Free_Fall_Detection	16	static
LSM6DS3_ACC_GYRO_driver_HL.c:2154:25:LSM6DS3_X_Disable_Free_Fall_Detection	16	static
LSM6DS3_ACC_GYRO_driver_HL.c:2191:25:LSM6DS3_X_Get_Free_Fall_Detection_Status	24	static
LSM6DS3_ACC_GYRO_driver_HL.c:2222:25:LSM6DS3_X_Set_Free_Fall_Threshold	16	static
LSM6DS3_ACC_GYRO_driver_HL.c:2240:25:LSM6DS3_X_Enable_Pedometer	16	static
LSM6DS3_ACC_GYRO_driver_HL.c:2286:25:LSM6DS3_X_Disable_Pedometer	16	static
LSM6DS3_ACC_GYRO_driver_HL.c:2322:25:LSM6DS3_X_Get_Pedometer_Status	24	static
LSM6DS3_ACC_GYRO_driver_HL.c:2353:25:LSM6DS3_X_Get_Step_Count	16	static
LSM6DS3_ACC_GYRO_driver_HL.c:2370:25:LSM6DS3_X_Enable_Step_Counter_Reset	16	static
LSM6DS3_ACC_GYRO_driver_HL.c:2387:25:LSM6DS3_X_Disable_Step_Counter_Reset	16	static
LSM6DS3_ACC_GYRO_driver_HL.c:2405:25:LSM6DS3_X_Set_Pedometer_Threshold	16	static
LSM6DS3_ACC_GYRO_driver_HL.c:2423:25:LSM6DS3_X_Enable_Tilt_Detection	16	static
LSM6DS3_ACC_GYRO_driver_HL.c:2478:25:LSM6DS3_X_Disable_Tilt_Detection	16	static
LSM6DS3_ACC_GYRO_driver_HL.c:2516:25:LSM6DS3_X_Get_Tilt_Detection_Status	24	static
LSM6DS3_ACC_GYRO_driver_HL.c:2548:25:LSM6DS3_X_Enable_Wake_Up_Detection	16	static
LSM6DS3_ACC_GYRO_driver_HL.c:2601:25:LSM6DS3_X_Disable_Wake_Up_Detection	16	static
LSM6DS3_ACC_GYRO_driver_HL.c:2637:25:LSM6DS3_X_Get_Wake_Up_Detection_Status	24	static
LSM6DS3_ACC_GYRO_driver_HL.c:2668:25:LSM6DS3_X_Set_Wake_Up_Threshold	16	static
LSM6DS3_ACC_GYRO_driver_HL.c:2686:25:LSM6DS3_X_Enable_Single_Tap_Detection	16	static
LSM6DS3_ACC_GYRO_driver_HL.c:2769:25:LSM6DS3_X_Disable_Single_Tap_Detection	16	static
LSM6DS3_ACC_GYRO_driver_HL.c:2832:25:LSM6DS3_X_Get_Single_Tap_Detection_Status	24	static
LSM6DS3_ACC_GYRO_driver_HL.c:2866:25:LSM6DS3_X_Enable_Double_Tap_Detection	16	static
LSM6DS3_ACC_GYRO_driver_HL.c:2957:25:LSM6DS3_X_Disable_Double_Tap_Detection	16	static
LSM6DS3_ACC_GYRO_driver_HL.c:3027:25:LSM6DS3_X_Get_Double_Tap_Detection_Status	24	static
LSM6DS3_ACC_GYRO_driver_HL.c:3060:25:LSM6DS3_X_Set_Tap_Threshold	16	static
LSM6DS3_ACC_GYRO_driver_HL.c:3077:25:LSM6DS3_X_Set_Tap_Shock_Time	16	static
LSM6DS3_ACC_GYRO_driver_HL.c:3094:25:LSM6DS3_X_Set_Tap_Quiet_Time	16	static
LSM6DS3_ACC_GYRO_driver_HL.c:3111:25:LSM6DS3_X_Set_Tap_Duration_Time	16	static
LSM6DS3_ACC_GYRO_driver_HL.c:3129:25:LSM6DS3_X_Enable_6D_Orientation	16	static
LSM6DS3_ACC_GYRO_driver_HL.c:3178:25:LSM6DS3_X_Disable_6D_Orientation	16	static
LSM6DS3_ACC_GYRO_driver_HL.c:3210:25:LSM6DS3_X_Get_6D_Orientation_Status	24	static
LSM6DS3_ACC_GYRO_driver_HL.c:3241:25:LSM6DS3_X_Get_6D_Orientation_XL	24	static
LSM6DS3_ACC_GYRO_driver_HL.c:3271:25:LSM6DS3_X_Get_6D_Orientation_XH	24	static
LSM6DS3_ACC_GYRO_driver_HL.c:3301:25:LSM6DS3_X_Get_6D_Orientation_YL	24	static
LSM6DS3_ACC_GYRO_driver_HL.c:3331:25:LSM6DS3_X_Get_6D_Orientation_YH	24	static
LSM6DS3_ACC_GYRO_driver_HL.c:3361:25:LSM6DS3_X_Get_6D_Orientation_ZL	24	static
LSM6DS3_ACC_GYRO_driver_HL.c:3391:25:LSM6DS3_X_Get_6D_Orientation_ZH	24	static
LSM6DS3_ACC_GYRO_driver_HL.c:3421:25:LSM6DS3_X_Get_Event_Status	32	static
LSM6DS3_ACC_GYRO_driver_HL.c:3521:25:LSM6DS3_FIFO_Set_ODR_Value	24	static
LSM6DS3_ACC_GYRO_driver_HL.c:3555:25:LSM6DS3_FIFO_Get_Full_Status	24	static
LSM6DS3_ACC_GYRO_driver_HL.c:3587:25:LSM6DS3_FIFO_Get_Empty_Status	24	static
LSM6DS3_ACC_GYRO_driver_HL.c:3619:25:LSM6DS3_FIFO_Get_Overrun_Status	24	static
LSM6DS3_ACC_GYRO_driver_HL.c:3649:25:LSM6DS3_FIFO_Get_Pattern	16	static
LSM6DS3_ACC_GYRO_driver_HL.c:3666:25:LSM6DS3_FIFO_Get_Data	16	static
LSM6DS3_ACC_GYRO_driver_HL.c:3683:25:LSM6DS3_FIFO_Get_Num_Of_Samples	16	static
LSM6DS3_ACC_GYRO_driver_HL.c:3700:25:LSM6DS3_FIFO_X_Set_Decimation	16	static
LSM6DS3_ACC_GYRO_driver_HL.c:3733:25:LSM6DS3_FIFO_G_Set_Decimation	16	static
LSM6DS3_ACC_GYRO_driver_HL.c:3766:25:LSM6DS3_FIFO_X_Get_Axis	24	static
LSM6DS3_ACC_GYRO_driver_HL.c:3798:25:LSM6DS3_FIFO_G_Get_Axis	24	static
LSM6DS3_ACC_GYRO_driver_HL.c:3830:25:LSM6DS3_FIFO_Set_Mode	16	static
LSM6DS3_ACC_GYRO_driver_HL.c:3860:25:LSM6DS3_FIFO_Set_INT1_FIFO_Full	16	static
LSM6DS3_ACC_GYRO_driver_HL.c:3887:25:LSM6DS3_FIFO_Set_Watermark_Level	16	static
LSM6DS3_ACC_GYRO_driver_HL.c:3904:25:LSM6DS3_FIFO_Set_Stop_On_Fth	16	static
LSM6DS3_ACC_GYRO_driver_HL.c:3931:25:LSM6DS3_X_Set_Interrupt_Latch	16	static
LSM6DS3_ACC_GYRO_driver_HL.c:3944:25:LSM6DS3_X_Set_SelfTest	16	static
LSM6DS3_ACC_GYRO_driver_HL.c:3973:25:LSM6DS3_G_Set_Interrupt_Latch	16	static
LSM6DS3_ACC_GYRO_driver_HL.c:3986:25:LSM6DS3_G_Set_SelfTest	16	static
