LSM6DS3_ACC_GYRO_driver.c:68:10:LSM6DS3_ACC_GYRO_WriteReg	32	static
LSM6DS3_ACC_GYRO_driver.c:90:10:LSM6DS3_ACC_GYRO_ReadReg	32	static
LSM6DS3_ACC_GYRO_driver.c:112:10:LSM6DS3_ACC_GYRO_R_WHO_AM_I	16	static
LSM6DS3_ACC_GYRO_driver.c:132:11:LSM6DS3_ACC_GYRO_W_BDU	24	static
LSM6DS3_ACC_GYRO_driver.c:159:10:LSM6DS3_ACC_GYRO_R_BDU	16	static
LSM6DS3_ACC_GYRO_driver.c:178:11:LSM6DS3_ACC_GYRO_W_FS_XL	24	static
LSM6DS3_ACC_GYRO_driver.c:205:10:LSM6DS3_ACC_GYRO_R_FS_XL	16	static
LSM6DS3_ACC_GYRO_driver.c:224:10:LSM6DS3_ACC_GYRO_GetRawAccData	24	static
LSM6DS3_ACC_GYRO_driver.c:265:10:LSM6DS3_ACC_Get_Acceleration	72	static
LSM6DS3_ACC_GYRO_driver.c:325:11:LSM6DS3_ACC_GYRO_W_ODR_XL	24	static
LSM6DS3_ACC_GYRO_driver.c:352:10:LSM6DS3_ACC_GYRO_R_ODR_XL	16	static
LSM6DS3_ACC_GYRO_driver.c:371:10:LSM6DS3_ACC_GYRO_translate_ODR_XL	16	static
LSM6DS3_ACC_GYRO_driver.c:425:11:LSM6DS3_ACC_GYRO_W_FS_G	24	static
LSM6DS3_ACC_GYRO_driver.c:452:10:LSM6DS3_ACC_GYRO_R_FS_G	16	static
LSM6DS3_ACC_GYRO_driver.c:471:11:LSM6DS3_ACC_GYRO_W_ODR_G	24	static
LSM6DS3_ACC_GYRO_driver.c:498:10:LSM6DS3_ACC_GYRO_R_ODR_G	16	static
LSM6DS3_ACC_GYRO_driver.c:517:10:LSM6DS3_ACC_GYRO_translate_ODR_G	16	static
LSM6DS3_ACC_GYRO_driver.c:571:10:LSM6DS3_ACC_GYRO_GetRawGyroData	24	static
LSM6DS3_ACC_GYRO_driver.c:613:10:LSM6DS3_ACC_Get_AngularRate	80	static
LSM6DS3_ACC_GYRO_driver.c:682:11:LSM6DS3_ACC_GYRO_W_BW_XL	24	static
LSM6DS3_ACC_GYRO_driver.c:709:10:LSM6DS3_ACC_GYRO_R_BW_XL	16	static
LSM6DS3_ACC_GYRO_driver.c:728:11:LSM6DS3_ACC_GYRO_W_FS_125	24	static
LSM6DS3_ACC_GYRO_driver.c:755:10:LSM6DS3_ACC_GYRO_R_FS_125	16	static
LSM6DS3_ACC_GYRO_driver.c:776:11:LSM6DS3_ACC_GYRO_W_EmbeddedAccess	24	static
LSM6DS3_ACC_GYRO_driver.c:803:10:LSM6DS3_ACC_GYRO_R_EmbeddedAccess	16	static
LSM6DS3_ACC_GYRO_driver.c:822:11:LSM6DS3_ACC_GYRO_W_Stamping_Time_Frame	24	static
LSM6DS3_ACC_GYRO_driver.c:852:10:LSM6DS3_ACC_GYRO_R_Stamping_Time_Frame	16	static
LSM6DS3_ACC_GYRO_driver.c:872:11:LSM6DS3_ACC_GYRO_W_FIFO_Watermark	24	static
LSM6DS3_ACC_GYRO_driver.c:924:10:LSM6DS3_ACC_GYRO_R_FIFO_Watermark	24	static
LSM6DS3_ACC_GYRO_driver.c:958:11:LSM6DS3_ACC_GYRO_W_TIM_PEDO_FIFO_Write_En	24	static
LSM6DS3_ACC_GYRO_driver.c:985:10:LSM6DS3_ACC_GYRO_R_TIM_PEDO_FIFO_Write_En	16	static
LSM6DS3_ACC_GYRO_driver.c:1003:11:LSM6DS3_ACC_GYRO_W_TIM_PEDO_FIFO_En	24	static
LSM6DS3_ACC_GYRO_driver.c:1030:10:LSM6DS3_ACC_GYRO_R_TIM_PEDO_FIFO_En	16	static
LSM6DS3_ACC_GYRO_driver.c:1048:11:LSM6DS3_ACC_GYRO_W_DEC_FIFO_XL	24	static
LSM6DS3_ACC_GYRO_driver.c:1075:11:LSM6DS3_ACC_GYRO_W_DEC_FIFO_XL_val	16	static
LSM6DS3_ACC_GYRO_driver.c:1125:10:LSM6DS3_ACC_GYRO_R_DEC_FIFO_XL	16	static
LSM6DS3_ACC_GYRO_driver.c:1144:11:LSM6DS3_ACC_GYRO_W_DEC_FIFO_G	24	static
LSM6DS3_ACC_GYRO_driver.c:1171:11:LSM6DS3_ACC_GYRO_W_DEC_FIFO_G_val	16	static
LSM6DS3_ACC_GYRO_driver.c:1221:10:LSM6DS3_ACC_GYRO_R_DEC_FIFO_G	16	static
LSM6DS3_ACC_GYRO_driver.c:1240:11:LSM6DS3_ACC_GYRO_W_DEC_FIFO_SLV0	24	static
LSM6DS3_ACC_GYRO_driver.c:1267:10:LSM6DS3_ACC_GYRO_R_DEC_FIFO_SLV0	16	static
LSM6DS3_ACC_GYRO_driver.c:1286:11:LSM6DS3_ACC_GYRO_W_DEC_FIFO_SLV1	24	static
LSM6DS3_ACC_GYRO_driver.c:1313:10:LSM6DS3_ACC_GYRO_R_DEC_FIFO_SLV1	16	static
LSM6DS3_ACC_GYRO_driver.c:1332:11:LSM6DS3_ACC_GYRO_W_HI_DATA_ONLY	24	static
LSM6DS3_ACC_GYRO_driver.c:1359:10:LSM6DS3_ACC_GYRO_R_HI_DATA_ONLY	16	static
LSM6DS3_ACC_GYRO_driver.c:1378:11:LSM6DS3_ACC_GYRO_W_FIFO_MODE	24	static
LSM6DS3_ACC_GYRO_driver.c:1405:10:LSM6DS3_ACC_GYRO_R_FIFO_MODE	16	static
LSM6DS3_ACC_GYRO_driver.c:1424:11:LSM6DS3_ACC_GYRO_W_ODR_FIFO	24	static
LSM6DS3_ACC_GYRO_driver.c:1451:10:LSM6DS3_ACC_GYRO_R_ODR_FIFO	16	static
LSM6DS3_ACC_GYRO_driver.c:1470:11:LSM6DS3_ACC_GYRO_W_Orientation	24	static
LSM6DS3_ACC_GYRO_driver.c:1497:10:LSM6DS3_ACC_GYRO_R_Orientation	16	static
LSM6DS3_ACC_GYRO_driver.c:1516:11:LSM6DS3_ACC_GYRO_W_SignZ_G	24	static
LSM6DS3_ACC_GYRO_driver.c:1543:10:LSM6DS3_ACC_GYRO_R_SignZ_G	16	static
LSM6DS3_ACC_GYRO_driver.c:1562:11:LSM6DS3_ACC_GYRO_W_SignY_G	24	static
LSM6DS3_ACC_GYRO_driver.c:1589:10:LSM6DS3_ACC_GYRO_R_SignY_G	16	static
LSM6DS3_ACC_GYRO_driver.c:1608:11:LSM6DS3_ACC_GYRO_W_SignX_G	24	static
LSM6DS3_ACC_GYRO_driver.c:1635:10:LSM6DS3_ACC_GYRO_R_SignX_G	16	static
LSM6DS3_ACC_GYRO_driver.c:1654:11:LSM6DS3_ACC_GYRO_W_DRDY_XL_on_INT1	24	static
LSM6DS3_ACC_GYRO_driver.c:1681:10:LSM6DS3_ACC_GYRO_R_DRDY_XL_on_INT1	16	static
LSM6DS3_ACC_GYRO_driver.c:1700:11:LSM6DS3_ACC_GYRO_W_DRDY_G_on_INT1	24	static
LSM6DS3_ACC_GYRO_driver.c:1727:10:LSM6DS3_ACC_GYRO_R_DRDY_G_on_INT1	16	static
LSM6DS3_ACC_GYRO_driver.c:1746:11:LSM6DS3_ACC_GYRO_W_BOOT_on_INT1	24	static
LSM6DS3_ACC_GYRO_driver.c:1773:10:LSM6DS3_ACC_GYRO_R_BOOT_on_INT1	16	static
LSM6DS3_ACC_GYRO_driver.c:1792:11:LSM6DS3_ACC_GYRO_W_FIFO_TSHLD_on_INT1	24	static
LSM6DS3_ACC_GYRO_driver.c:1819:10:LSM6DS3_ACC_GYRO_R_FIFO_TSHLD_on_INT1	16	static
LSM6DS3_ACC_GYRO_driver.c:1838:11:LSM6DS3_ACC_GYRO_W_OVERRUN_on_INT1	24	static
LSM6DS3_ACC_GYRO_driver.c:1865:10:LSM6DS3_ACC_GYRO_R_OVERRUN_on_INT1	16	static
LSM6DS3_ACC_GYRO_driver.c:1884:11:LSM6DS3_ACC_GYRO_W_FSS5_on_INT1	24	static
LSM6DS3_ACC_GYRO_driver.c:1911:10:LSM6DS3_ACC_GYRO_R_FSS5_on_INT1	16	static
LSM6DS3_ACC_GYRO_driver.c:1930:11:LSM6DS3_ACC_GYRO_W_SIGN_MOT_on_INT1	24	static
LSM6DS3_ACC_GYRO_driver.c:1957:10:LSM6DS3_ACC_GYRO_R_SIGN_MOT_on_INT1	16	static
LSM6DS3_ACC_GYRO_driver.c:1976:11:LSM6DS3_ACC_GYRO_W_PEDO_STEP_on_INT1	24	static
LSM6DS3_ACC_GYRO_driver.c:2003:10:LSM6DS3_ACC_GYRO_R_PEDO_STEP_on_INT1	16	static
LSM6DS3_ACC_GYRO_driver.c:2022:11:LSM6DS3_ACC_GYRO_W_DRDY_XL_on_INT2	24	static
LSM6DS3_ACC_GYRO_driver.c:2049:10:LSM6DS3_ACC_GYRO_R_DRDY_XL_on_INT2	16	static
LSM6DS3_ACC_GYRO_driver.c:2068:11:LSM6DS3_ACC_GYRO_W_DRDY_G_on_INT2	24	static
LSM6DS3_ACC_GYRO_driver.c:2095:10:LSM6DS3_ACC_GYRO_R_DRDY_G_on_INT2	16	static
LSM6DS3_ACC_GYRO_driver.c:2114:11:LSM6DS3_ACC_GYRO_W_DRDY_TEMP_on_INT2	24	static
LSM6DS3_ACC_GYRO_driver.c:2141:10:LSM6DS3_ACC_GYRO_R_DRDY_TEMP_on_INT2	16	static
LSM6DS3_ACC_GYRO_driver.c:2160:11:LSM6DS3_ACC_GYRO_W_FIFO_TSHLD_on_INT2	24	static
LSM6DS3_ACC_GYRO_driver.c:2187:10:LSM6DS3_ACC_GYRO_R_FIFO_TSHLD_on_INT2	16	static
LSM6DS3_ACC_GYRO_driver.c:2206:11:LSM6DS3_ACC_GYRO_W_OVERRUN_on_INT2	24	static
LSM6DS3_ACC_GYRO_driver.c:2233:10:LSM6DS3_ACC_GYRO_R_OVERRUN_on_INT2	16	static
LSM6DS3_ACC_GYRO_driver.c:2252:11:LSM6DS3_ACC_GYRO_W_FSS5_on_INT2	24	static
LSM6DS3_ACC_GYRO_driver.c:2279:10:LSM6DS3_ACC_GYRO_R_FSS5_on_INT2	16	static
LSM6DS3_ACC_GYRO_driver.c:2298:11:LSM6DS3_ACC_GYRO_W_SIGN_MOT_on_INT2	24	static
LSM6DS3_ACC_GYRO_driver.c:2325:10:LSM6DS3_ACC_GYRO_R_SIGN_MOT_on_INT2	16	static
LSM6DS3_ACC_GYRO_driver.c:2344:11:LSM6DS3_ACC_GYRO_W_PEDO_STEP_on_INT2	24	static
LSM6DS3_ACC_GYRO_driver.c:2371:10:LSM6DS3_ACC_GYRO_R_PEDO_STEP_on_INT2	16	static
LSM6DS3_ACC_GYRO_driver.c:2390:11:LSM6DS3_ACC_GYRO_W_SW_RESET	24	static
LSM6DS3_ACC_GYRO_driver.c:2417:10:LSM6DS3_ACC_GYRO_R_SW_RESET	16	static
LSM6DS3_ACC_GYRO_driver.c:2436:11:LSM6DS3_ACC_GYRO_W_BLE	24	static
LSM6DS3_ACC_GYRO_driver.c:2463:10:LSM6DS3_ACC_GYRO_R_BLE	16	static
LSM6DS3_ACC_GYRO_driver.c:2482:11:LSM6DS3_ACC_GYRO_W_IF_Addr_Incr	24	static
LSM6DS3_ACC_GYRO_driver.c:2509:10:LSM6DS3_ACC_GYRO_R_IF_Addr_Incr	16	static
LSM6DS3_ACC_GYRO_driver.c:2528:11:LSM6DS3_ACC_GYRO_W_SPI_Mode	24	static
LSM6DS3_ACC_GYRO_driver.c:2555:10:LSM6DS3_ACC_GYRO_R_SPI_Mode	16	static
LSM6DS3_ACC_GYRO_driver.c:2574:11:LSM6DS3_ACC_GYRO_W_PadSel	24	static
LSM6DS3_ACC_GYRO_driver.c:2601:10:LSM6DS3_ACC_GYRO_R_PadSel	16	static
LSM6DS3_ACC_GYRO_driver.c:2620:11:LSM6DS3_ACC_GYRO_W_INT_ACT_LEVEL	24	static
LSM6DS3_ACC_GYRO_driver.c:2647:10:LSM6DS3_ACC_GYRO_R_INT_ACT_LEVEL	16	static
LSM6DS3_ACC_GYRO_driver.c:2666:11:LSM6DS3_ACC_GYRO_W_BOOT	24	static
LSM6DS3_ACC_GYRO_driver.c:2693:10:LSM6DS3_ACC_GYRO_R_BOOT	16	static
LSM6DS3_ACC_GYRO_driver.c:2712:11:LSM6DS3_ACC_GYRO_W_STOP_ON_FTH	24	static
LSM6DS3_ACC_GYRO_driver.c:2739:10:LSM6DS3_ACC_GYRO_R_STOP_ON_FTH	16	static
LSM6DS3_ACC_GYRO_driver.c:2758:11:LSM6DS3_ACC_GYRO_W_MODE3_Enable	24	static
LSM6DS3_ACC_GYRO_driver.c:2785:10:LSM6DS3_ACC_GYRO_R_MODE3_Enable	16	static
LSM6DS3_ACC_GYRO_driver.c:2804:11:LSM6DS3_ACC_GYRO_W_I2C_DISABLE	24	static
LSM6DS3_ACC_GYRO_driver.c:2831:10:LSM6DS3_ACC_GYRO_R_I2C_DISABLE	16	static
LSM6DS3_ACC_GYRO_driver.c:2850:11:LSM6DS3_ACC_GYRO_W_DRDY_MSK	24	static
LSM6DS3_ACC_GYRO_driver.c:2877:10:LSM6DS3_ACC_GYRO_R_DRDY_MSK	16	static
LSM6DS3_ACC_GYRO_driver.c:2896:11:LSM6DS3_ACC_GYRO_W_FIFO_TEMP_EN	24	static
LSM6DS3_ACC_GYRO_driver.c:2923:10:LSM6DS3_ACC_GYRO_R_FIFO_TEMP_EN	16	static
LSM6DS3_ACC_GYRO_driver.c:2942:11:LSM6DS3_ACC_GYRO_W_INT2_ON_INT1	24	static
LSM6DS3_ACC_GYRO_driver.c:2969:10:LSM6DS3_ACC_GYRO_R_INT2_ON_INT1	16	static
LSM6DS3_ACC_GYRO_driver.c:2988:11:LSM6DS3_ACC_GYRO_W_SleepMode_G	24	static
LSM6DS3_ACC_GYRO_driver.c:3015:10:LSM6DS3_ACC_GYRO_R_SleepMode_G	16	static
LSM6DS3_ACC_GYRO_driver.c:3034:11:LSM6DS3_ACC_GYRO_W_BW_Fixed_By_ODR	24	static
LSM6DS3_ACC_GYRO_driver.c:3061:10:LSM6DS3_ACC_GYRO_R_BW_Fixed_By_ODR	16	static
LSM6DS3_ACC_GYRO_driver.c:3080:11:LSM6DS3_ACC_GYRO_W_SelfTest_XL	24	static
LSM6DS3_ACC_GYRO_driver.c:3107:10:LSM6DS3_ACC_GYRO_R_SelfTest_XL	16	static
LSM6DS3_ACC_GYRO_driver.c:3126:11:LSM6DS3_ACC_GYRO_W_SelfTest_G	24	static
LSM6DS3_ACC_GYRO_driver.c:3153:10:LSM6DS3_ACC_GYRO_R_SelfTest_G	16	static
LSM6DS3_ACC_GYRO_driver.c:3172:11:LSM6DS3_ACC_GYRO_W_CircularBurstMode	24	static
LSM6DS3_ACC_GYRO_driver.c:3200:10:LSM6DS3_ACC_GYRO_R_CircularBurstMode	16	static
LSM6DS3_ACC_GYRO_driver.c:3219:11:LSM6DS3_ACC_GYRO_W_LowPower_XL	24	static
LSM6DS3_ACC_GYRO_driver.c:3246:10:LSM6DS3_ACC_GYRO_R_LowPower_XL	16	static
LSM6DS3_ACC_GYRO_driver.c:3265:11:LSM6DS3_ACC_GYRO_W_DEN_LVL2_EN	24	static
LSM6DS3_ACC_GYRO_driver.c:3292:10:LSM6DS3_ACC_GYRO_R_DEN_LVL2_EN	16	static
LSM6DS3_ACC_GYRO_driver.c:3311:11:LSM6DS3_ACC_GYRO_W_DEN_LVL_EN	24	static
LSM6DS3_ACC_GYRO_driver.c:3338:10:LSM6DS3_ACC_GYRO_R_DEN_LVL_EN	16	static
LSM6DS3_ACC_GYRO_driver.c:3357:11:LSM6DS3_ACC_GYRO_W_DEN_EDGE_EN	24	static
LSM6DS3_ACC_GYRO_driver.c:3384:10:LSM6DS3_ACC_GYRO_R_DEN_EDGE_EN	16	static
LSM6DS3_ACC_GYRO_driver.c:3403:11:LSM6DS3_ACC_GYRO_W_HPCF_G	24	static
LSM6DS3_ACC_GYRO_driver.c:3430:10:LSM6DS3_ACC_GYRO_R_HPCF_G	16	static
LSM6DS3_ACC_GYRO_driver.c:3449:11:LSM6DS3_ACC_GYRO_W_HPFilter_En	24	static
LSM6DS3_ACC_GYRO_driver.c:3476:10:LSM6DS3_ACC_GYRO_R_HPFilter_En	16	static
LSM6DS3_ACC_GYRO_driver.c:3495:11:LSM6DS3_ACC_GYRO_W_LP_Mode	24	static
LSM6DS3_ACC_GYRO_driver.c:3522:10:LSM6DS3_ACC_GYRO_R_LP_Mode	16	static
LSM6DS3_ACC_GYRO_driver.c:3541:11:LSM6DS3_ACC_GYRO_W_ROUNDING_STATUS	24	static
LSM6DS3_ACC_GYRO_driver.c:3568:10:LSM6DS3_ACC_GYRO_R_ROUNDING_STATUS	16	static
LSM6DS3_ACC_GYRO_driver.c:3587:11:LSM6DS3_ACC_GYRO_W_HP_G_RST	24	static
LSM6DS3_ACC_GYRO_driver.c:3614:10:LSM6DS3_ACC_GYRO_R_HP_G_RST	16	static
LSM6DS3_ACC_GYRO_driver.c:3633:11:LSM6DS3_ACC_GYRO_W_LPF2_XL	24	static
LSM6DS3_ACC_GYRO_driver.c:3660:10:LSM6DS3_ACC_GYRO_R_LPF2_XL	16	static
LSM6DS3_ACC_GYRO_driver.c:3679:11:LSM6DS3_ACC_GYRO_W_HPCF_XL	24	static
LSM6DS3_ACC_GYRO_driver.c:3706:10:LSM6DS3_ACC_GYRO_R_HPCF_XL	16	static
LSM6DS3_ACC_GYRO_driver.c:3725:11:LSM6DS3_ACC_GYRO_W_LOW_PASS_ON_6D	24	static
LSM6DS3_ACC_GYRO_driver.c:3752:10:LSM6DS3_ACC_GYRO_R_LOW_PASS_ON_6D	16	static
LSM6DS3_ACC_GYRO_driver.c:3771:11:LSM6DS3_ACC_GYRO_W_HP_SLOPE_XL	24	static
LSM6DS3_ACC_GYRO_driver.c:3798:10:LSM6DS3_ACC_GYRO_R_HP_SLOPE_XL	16	static
LSM6DS3_ACC_GYRO_driver.c:3817:11:LSM6DS3_ACC_GYRO_W_XEN_XL	24	static
LSM6DS3_ACC_GYRO_driver.c:3844:10:LSM6DS3_ACC_GYRO_R_XEN_XL	16	static
LSM6DS3_ACC_GYRO_driver.c:3862:11:LSM6DS3_ACC_GYRO_W_YEN_XL	24	static
LSM6DS3_ACC_GYRO_driver.c:3889:10:LSM6DS3_ACC_GYRO_R_YEN_XL	16	static
LSM6DS3_ACC_GYRO_driver.c:3908:11:LSM6DS3_ACC_GYRO_W_ZEN_XL	24	static
LSM6DS3_ACC_GYRO_driver.c:3935:10:LSM6DS3_ACC_GYRO_R_ZEN_XL	16	static
LSM6DS3_ACC_GYRO_driver.c:3954:11:LSM6DS3_ACC_GYRO_W_SOFT	24	static
LSM6DS3_ACC_GYRO_driver.c:3981:10:LSM6DS3_ACC_GYRO_R_SOFT	16	static
LSM6DS3_ACC_GYRO_driver.c:4000:11:LSM6DS3_ACC_GYRO_W_SignifcantMotion	24	static
LSM6DS3_ACC_GYRO_driver.c:4027:10:LSM6DS3_ACC_GYRO_R_SignifcantMotion	16	static
LSM6DS3_ACC_GYRO_driver.c:4046:11:LSM6DS3_ACC_GYRO_W_PedoStepReset	24	static
LSM6DS3_ACC_GYRO_driver.c:4073:10:LSM6DS3_ACC_GYRO_R_PedoStepReset	16	static
LSM6DS3_ACC_GYRO_driver.c:4092:11:LSM6DS3_ACC_GYRO_W_XEN_G	24	static
LSM6DS3_ACC_GYRO_driver.c:4119:10:LSM6DS3_ACC_GYRO_R_XEN_G	16	static
LSM6DS3_ACC_GYRO_driver.c:4138:11:LSM6DS3_ACC_GYRO_W_YEN_G	24	static
LSM6DS3_ACC_GYRO_driver.c:4165:10:LSM6DS3_ACC_GYRO_R_YEN_G	16	static
LSM6DS3_ACC_GYRO_driver.c:4184:11:LSM6DS3_ACC_GYRO_W_ZEN_G	24	static
LSM6DS3_ACC_GYRO_driver.c:4211:10:LSM6DS3_ACC_GYRO_R_ZEN_G	16	static
LSM6DS3_ACC_GYRO_driver.c:4230:11:LSM6DS3_ACC_GYRO_W_FUNC_EN	24	static
LSM6DS3_ACC_GYRO_driver.c:4257:10:LSM6DS3_ACC_GYRO_R_FUNC_EN	16	static
LSM6DS3_ACC_GYRO_driver.c:4276:11:LSM6DS3_ACC_GYRO_W_I2C_MASTER_Enable	24	static
LSM6DS3_ACC_GYRO_driver.c:4303:10:LSM6DS3_ACC_GYRO_R_I2C_MASTER_Enable	16	static
LSM6DS3_ACC_GYRO_driver.c:4322:11:LSM6DS3_ACC_GYRO_W_IronCorrection_EN	24	static
LSM6DS3_ACC_GYRO_driver.c:4349:10:LSM6DS3_ACC_GYRO_R_IronCorrection_EN	16	static
LSM6DS3_ACC_GYRO_driver.c:4368:11:LSM6DS3_ACC_GYRO_W_PASS_THRU_MODE	24	static
LSM6DS3_ACC_GYRO_driver.c:4395:10:LSM6DS3_ACC_GYRO_R_PASS_THRU_MODE	16	static
LSM6DS3_ACC_GYRO_driver.c:4414:11:LSM6DS3_ACC_GYRO_W_PULL_UP_EN	24	static
LSM6DS3_ACC_GYRO_driver.c:4441:10:LSM6DS3_ACC_GYRO_R_PULL_UP_EN	16	static
LSM6DS3_ACC_GYRO_driver.c:4460:11:LSM6DS3_ACC_GYRO_W_SensorHUB_Trigger_Sel	24	static
LSM6DS3_ACC_GYRO_driver.c:4487:10:LSM6DS3_ACC_GYRO_R_SensorHUB_Trigger_Sel	16	static
LSM6DS3_ACC_GYRO_driver.c:4506:11:LSM6DS3_ACC_GYRO_W_DATA_VAL_SEL_FIFO	24	static
LSM6DS3_ACC_GYRO_driver.c:4533:10:LSM6DS3_ACC_GYRO_R_DATA_VAL_SEL_FIFO	16	static
LSM6DS3_ACC_GYRO_driver.c:4552:11:LSM6DS3_ACC_GYRO_W_DRDY_ON_INT1	24	static
LSM6DS3_ACC_GYRO_driver.c:4579:10:LSM6DS3_ACC_GYRO_R_DRDY_ON_INT1	16	static
LSM6DS3_ACC_GYRO_driver.c:4598:10:LSM6DS3_ACC_GYRO_R_Z_WU	16	static
LSM6DS3_ACC_GYRO_driver.c:4617:10:LSM6DS3_ACC_GYRO_R_Y_WU	16	static
LSM6DS3_ACC_GYRO_driver.c:4636:10:LSM6DS3_ACC_GYRO_R_X_WU	16	static
LSM6DS3_ACC_GYRO_driver.c:4655:10:LSM6DS3_ACC_GYRO_R_WU_EV_STATUS	16	static
LSM6DS3_ACC_GYRO_driver.c:4674:10:LSM6DS3_ACC_GYRO_R_SLEEP_EV_STATUS	16	static
LSM6DS3_ACC_GYRO_driver.c:4693:10:LSM6DS3_ACC_GYRO_R_FF_EV_STATUS	16	static
LSM6DS3_ACC_GYRO_driver.c:4712:10:LSM6DS3_ACC_GYRO_R_Z_TAP	16	static
LSM6DS3_ACC_GYRO_driver.c:4731:10:LSM6DS3_ACC_GYRO_R_Y_TAP	16	static
LSM6DS3_ACC_GYRO_driver.c:4750:10:LSM6DS3_ACC_GYRO_R_X_TAP	16	static
LSM6DS3_ACC_GYRO_driver.c:4769:10:LSM6DS3_ACC_GYRO_R_TAP_SIGN	16	static
LSM6DS3_ACC_GYRO_driver.c:4788:10:LSM6DS3_ACC_GYRO_R_DOUBLE_TAP_EV_STATUS	16	static
LSM6DS3_ACC_GYRO_driver.c:4807:10:LSM6DS3_ACC_GYRO_R_SINGLE_TAP_EV_STATUS	16	static
LSM6DS3_ACC_GYRO_driver.c:4826:10:LSM6DS3_ACC_GYRO_R_TAP_EV_STATUS	16	static
LSM6DS3_ACC_GYRO_driver.c:4845:10:LSM6DS3_ACC_GYRO_R_DSD_XL	16	static
LSM6DS3_ACC_GYRO_driver.c:4864:10:LSM6DS3_ACC_GYRO_R_DSD_XH	16	static
LSM6DS3_ACC_GYRO_driver.c:4883:10:LSM6DS3_ACC_GYRO_R_DSD_YL	16	static
LSM6DS3_ACC_GYRO_driver.c:4902:10:LSM6DS3_ACC_GYRO_R_DSD_YH	16	static
LSM6DS3_ACC_GYRO_driver.c:4921:10:LSM6DS3_ACC_GYRO_R_DSD_ZL	16	static
LSM6DS3_ACC_GYRO_driver.c:4940:10:LSM6DS3_ACC_GYRO_R_DSD_ZH	16	static
LSM6DS3_ACC_GYRO_driver.c:4959:10:LSM6DS3_ACC_GYRO_R_D6D_EV_STATUS	16	static
LSM6DS3_ACC_GYRO_driver.c:4978:10:LSM6DS3_ACC_GYRO_R_XLDA	16	static
LSM6DS3_ACC_GYRO_driver.c:4997:10:LSM6DS3_ACC_GYRO_R_GDA	16	static
LSM6DS3_ACC_GYRO_driver.c:5016:10:LSM6DS3_ACC_GYRO_R_TDA	16	static
LSM6DS3_ACC_GYRO_driver.c:5035:10:LSM6DS3_ACC_GYRO_R_EV_BOOT	16	static
LSM6DS3_ACC_GYRO_driver.c:5054:10:LSM6DS3_ACC_GYRO_R_FIFONumOfEntries	24	static
LSM6DS3_ACC_GYRO_driver.c:5088:10:LSM6DS3_ACC_GYRO_R_FIFOEmpty	16	static
LSM6DS3_ACC_GYRO_driver.c:5107:10:LSM6DS3_ACC_GYRO_R_FIFOFull	16	static
LSM6DS3_ACC_GYRO_driver.c:5126:10:LSM6DS3_ACC_GYRO_R_OVERRUN	16	static
LSM6DS3_ACC_GYRO_driver.c:5145:10:LSM6DS3_ACC_GYRO_R_WaterMark	16	static
LSM6DS3_ACC_GYRO_driver.c:5164:10:LSM6DS3_ACC_GYRO_R_FIFOPattern	24	static
LSM6DS3_ACC_GYRO_driver.c:5198:10:LSM6DS3_ACC_GYRO_R_SENS_HUB_END	16	static
LSM6DS3_ACC_GYRO_driver.c:5217:10:LSM6DS3_ACC_GYRO_R_SOFT_IRON_END	16	static
LSM6DS3_ACC_GYRO_driver.c:5236:10:LSM6DS3_ACC_GYRO_R_STEP_OVERFLOW	16	static
LSM6DS3_ACC_GYRO_driver.c:5255:10:LSM6DS3_ACC_GYRO_R_STEP_COUNT_DELTA	16	static
LSM6DS3_ACC_GYRO_driver.c:5274:10:LSM6DS3_ACC_GYRO_R_PEDO_EV_STATUS	16	static
LSM6DS3_ACC_GYRO_driver.c:5293:10:LSM6DS3_ACC_GYRO_R_TILT_EV_STATUS	16	static
LSM6DS3_ACC_GYRO_driver.c:5312:10:LSM6DS3_ACC_GYRO_R_SIGN_MOT_EV_STATUS	16	static
LSM6DS3_ACC_GYRO_driver.c:5331:11:LSM6DS3_ACC_GYRO_W_LIR	24	static
LSM6DS3_ACC_GYRO_driver.c:5358:10:LSM6DS3_ACC_GYRO_R_LIR	16	static
LSM6DS3_ACC_GYRO_driver.c:5377:11:LSM6DS3_ACC_GYRO_W_TAP_Z_EN	24	static
LSM6DS3_ACC_GYRO_driver.c:5404:10:LSM6DS3_ACC_GYRO_R_TAP_Z_EN	16	static
LSM6DS3_ACC_GYRO_driver.c:5423:11:LSM6DS3_ACC_GYRO_W_TAP_Y_EN	24	static
LSM6DS3_ACC_GYRO_driver.c:5450:10:LSM6DS3_ACC_GYRO_R_TAP_Y_EN	16	static
LSM6DS3_ACC_GYRO_driver.c:5469:11:LSM6DS3_ACC_GYRO_W_TAP_X_EN	24	static
LSM6DS3_ACC_GYRO_driver.c:5496:10:LSM6DS3_ACC_GYRO_R_TAP_X_EN	16	static
LSM6DS3_ACC_GYRO_driver.c:5515:11:LSM6DS3_ACC_GYRO_W_TILT_EN	24	static
LSM6DS3_ACC_GYRO_driver.c:5542:10:LSM6DS3_ACC_GYRO_R_TILT_EN	16	static
LSM6DS3_ACC_GYRO_driver.c:5561:11:LSM6DS3_ACC_GYRO_W_SLOPE_FDS	24	static
LSM6DS3_ACC_GYRO_driver.c:5588:10:LSM6DS3_ACC_GYRO_R_SLOPE_FDS	16	static
LSM6DS3_ACC_GYRO_driver.c:5607:11:LSM6DS3_ACC_GYRO_W_PEDO_EN	24	static
LSM6DS3_ACC_GYRO_driver.c:5634:10:LSM6DS3_ACC_GYRO_R_PEDO_EN	16	static
LSM6DS3_ACC_GYRO_driver.c:5653:11:LSM6DS3_ACC_GYRO_W_TIMER_EN	24	static
LSM6DS3_ACC_GYRO_driver.c:5680:10:LSM6DS3_ACC_GYRO_R_TIMER_EN	16	static
LSM6DS3_ACC_GYRO_driver.c:5699:11:LSM6DS3_ACC_GYRO_W_TAP_THS	24	static
LSM6DS3_ACC_GYRO_driver.c:5729:10:LSM6DS3_ACC_GYRO_R_TAP_THS	16	static
LSM6DS3_ACC_GYRO_driver.c:5749:11:LSM6DS3_ACC_GYRO_W_SIXD_THS	24	static
LSM6DS3_ACC_GYRO_driver.c:5776:10:LSM6DS3_ACC_GYRO_R_SIXD_THS	16	static
LSM6DS3_ACC_GYRO_driver.c:5795:11:LSM6DS3_ACC_GYRO_W_D4D	24	static
LSM6DS3_ACC_GYRO_driver.c:5822:10:LSM6DS3_ACC_GYRO_R_D4D	16	static
LSM6DS3_ACC_GYRO_driver.c:5841:11:LSM6DS3_ACC_GYRO_W_SHOCK_Duration	24	static
LSM6DS3_ACC_GYRO_driver.c:5871:10:LSM6DS3_ACC_GYRO_R_SHOCK_Duration	16	static
LSM6DS3_ACC_GYRO_driver.c:5891:11:LSM6DS3_ACC_GYRO_W_QUIET_Duration	24	static
LSM6DS3_ACC_GYRO_driver.c:5921:10:LSM6DS3_ACC_GYRO_R_QUIET_Duration	16	static
LSM6DS3_ACC_GYRO_driver.c:5941:11:LSM6DS3_ACC_GYRO_W_DUR	24	static
LSM6DS3_ACC_GYRO_driver.c:5971:10:LSM6DS3_ACC_GYRO_R_DUR	16	static
LSM6DS3_ACC_GYRO_driver.c:5991:11:LSM6DS3_ACC_GYRO_W_WK_THS	24	static
LSM6DS3_ACC_GYRO_driver.c:6021:10:LSM6DS3_ACC_GYRO_R_WK_THS	16	static
LSM6DS3_ACC_GYRO_driver.c:6041:11:LSM6DS3_ACC_GYRO_W_INACTIVITY_ON	24	static
LSM6DS3_ACC_GYRO_driver.c:6068:10:LSM6DS3_ACC_GYRO_R_INACTIVITY_ON	16	static
LSM6DS3_ACC_GYRO_driver.c:6087:11:LSM6DS3_ACC_GYRO_W_SINGLE_DOUBLE_TAP_EV	24	static
LSM6DS3_ACC_GYRO_driver.c:6114:10:LSM6DS3_ACC_GYRO_R_SINGLE_DOUBLE_TAP_EV	16	static
LSM6DS3_ACC_GYRO_driver.c:6133:11:LSM6DS3_ACC_GYRO_W_SLEEP_DUR	24	static
LSM6DS3_ACC_GYRO_driver.c:6163:10:LSM6DS3_ACC_GYRO_R_SLEEP_DUR	16	static
LSM6DS3_ACC_GYRO_driver.c:6183:11:LSM6DS3_ACC_GYRO_W_TIMER_HR	24	static
LSM6DS3_ACC_GYRO_driver.c:6210:10:LSM6DS3_ACC_GYRO_R_TIMER_HR	16	static
LSM6DS3_ACC_GYRO_driver.c:6229:11:LSM6DS3_ACC_GYRO_W_WAKE_DUR	24	static
LSM6DS3_ACC_GYRO_driver.c:6259:10:LSM6DS3_ACC_GYRO_R_WAKE_DUR	16	static
LSM6DS3_ACC_GYRO_driver.c:6279:11:LSM6DS3_ACC_GYRO_W_FF_THS	24	static
LSM6DS3_ACC_GYRO_driver.c:6306:10:LSM6DS3_ACC_GYRO_R_FF_THS	16	static
LSM6DS3_ACC_GYRO_driver.c:6325:11:LSM6DS3_ACC_GYRO_W_FF_Duration	24	static
LSM6DS3_ACC_GYRO_driver.c:6377:10:LSM6DS3_ACC_GYRO_R_FF_Duration	24	static
LSM6DS3_ACC_GYRO_driver.c:6411:11:LSM6DS3_ACC_GYRO_W_TimerEvRouteInt1	24	static
LSM6DS3_ACC_GYRO_driver.c:6438:10:LSM6DS3_ACC_GYRO_R_TimerEvRouteInt1	16	static
LSM6DS3_ACC_GYRO_driver.c:6457:11:LSM6DS3_ACC_GYRO_W_TiltEvOnInt1	24	static
LSM6DS3_ACC_GYRO_driver.c:6484:10:LSM6DS3_ACC_GYRO_R_TiltEvOnInt1	16	static
LSM6DS3_ACC_GYRO_driver.c:6503:11:LSM6DS3_ACC_GYRO_W_6DEvOnInt1	24	static
LSM6DS3_ACC_GYRO_driver.c:6530:10:LSM6DS3_ACC_GYRO_R_6DEvOnInt1	16	static
LSM6DS3_ACC_GYRO_driver.c:6549:11:LSM6DS3_ACC_GYRO_W_TapEvOnInt1	24	static
LSM6DS3_ACC_GYRO_driver.c:6576:10:LSM6DS3_ACC_GYRO_R_TapEvOnInt1	16	static
LSM6DS3_ACC_GYRO_driver.c:6595:11:LSM6DS3_ACC_GYRO_W_FFEvOnInt1	24	static
LSM6DS3_ACC_GYRO_driver.c:6622:10:LSM6DS3_ACC_GYRO_R_FFEvOnInt1	16	static
LSM6DS3_ACC_GYRO_driver.c:6641:11:LSM6DS3_ACC_GYRO_W_WUEvOnInt1	24	static
LSM6DS3_ACC_GYRO_driver.c:6668:10:LSM6DS3_ACC_GYRO_R_WUEvOnInt1	16	static
LSM6DS3_ACC_GYRO_driver.c:6687:11:LSM6DS3_ACC_GYRO_W_SingleTapOnInt1	24	static
LSM6DS3_ACC_GYRO_driver.c:6714:10:LSM6DS3_ACC_GYRO_R_SingleTapOnInt1	16	static
LSM6DS3_ACC_GYRO_driver.c:6733:11:LSM6DS3_ACC_GYRO_W_SleepEvOnInt1	24	static
LSM6DS3_ACC_GYRO_driver.c:6760:10:LSM6DS3_ACC_GYRO_R_SleepEvOnInt1	16	static
LSM6DS3_ACC_GYRO_driver.c:6779:11:LSM6DS3_ACC_GYRO_W_TimerEvRouteInt2	24	static
LSM6DS3_ACC_GYRO_driver.c:6806:10:LSM6DS3_ACC_GYRO_R_TimerEvRouteInt2	16	static
LSM6DS3_ACC_GYRO_driver.c:6825:11:LSM6DS3_ACC_GYRO_W_TiltEvOnInt2	24	static
LSM6DS3_ACC_GYRO_driver.c:6852:10:LSM6DS3_ACC_GYRO_R_TiltEvOnInt2	16	static
LSM6DS3_ACC_GYRO_driver.c:6871:11:LSM6DS3_ACC_GYRO_W_6DEvOnInt2	24	static
LSM6DS3_ACC_GYRO_driver.c:6898:10:LSM6DS3_ACC_GYRO_R_6DEvOnInt2	16	static
LSM6DS3_ACC_GYRO_driver.c:6916:11:LSM6DS3_ACC_GYRO_W_TapEvOnInt2	24	static
LSM6DS3_ACC_GYRO_driver.c:6943:10:LSM6DS3_ACC_GYRO_R_TapEvOnInt2	16	static
LSM6DS3_ACC_GYRO_driver.c:6962:11:LSM6DS3_ACC_GYRO_W_FFEvOnInt2	24	static
LSM6DS3_ACC_GYRO_driver.c:6989:10:LSM6DS3_ACC_GYRO_R_FFEvOnInt2	16	static
LSM6DS3_ACC_GYRO_driver.c:7008:11:LSM6DS3_ACC_GYRO_W_WUEvOnInt2	24	static
LSM6DS3_ACC_GYRO_driver.c:7035:10:LSM6DS3_ACC_GYRO_R_WUEvOnInt2	16	static
LSM6DS3_ACC_GYRO_driver.c:7054:11:LSM6DS3_ACC_GYRO_W_SingleTapOnInt2	24	static
LSM6DS3_ACC_GYRO_driver.c:7081:10:LSM6DS3_ACC_GYRO_R_SingleTapOnInt2	16	static
LSM6DS3_ACC_GYRO_driver.c:7100:11:LSM6DS3_ACC_GYRO_W_SleepEvOnInt2	24	static
LSM6DS3_ACC_GYRO_driver.c:7127:10:LSM6DS3_ACC_GYRO_R_SleepEvOnInt2	16	static
LSM6DS3_ACC_GYRO_driver.c:7146:10:LSM6DS3_ACC_GYRO_Get_GetFIFOData	24	static
LSM6DS3_ACC_GYRO_driver.c:7176:10:LSM6DS3_ACC_GYRO_Get_GetTimestamp	24	static
LSM6DS3_ACC_GYRO_driver.c:7206:10:LSM6DS3_ACC_GYRO_Get_GetStepCounter	24	static
LSM6DS3_ACC_GYRO_driver.c:7236:11:LSM6DS3_ACC_GYRO_W_PedoThreshold	32	static
LSM6DS3_ACC_GYRO_driver.c:7266:10:LSM6DS3_ACC_GYRO_SH_init_SI_Matrix	16	static
LSM6DS3_ACC_GYRO_driver.c:7281:10:LSM6DS3_ACC_GYRO_SH0_Program	24	static
LSM6DS3_ACC_GYRO_driver.c:7310:10:LSM6DS3_ACC_GYRO_SH0_ReadMem	40	static
LSM6DS3_ACC_GYRO_driver.c:7337:10:LSM6DS3_ACC_GYRO_SH0_WriteByte	24	static
