main.c:125:9:Sensor_IO_Write	48	static
main.c:129:9:Sensor_IO_Read	48	static
main.c:147:5:main	16	static
main.c:250:6:SystemClock_Config	144	static
main.c:297:13:MX_I2C2_Init	8	static
main.c:343:13:MX_USART2_UART_Init	8	static
main.c:391:13:MX_GPIO_Init	56	static
main.c:440:25:initializeAllSensors	8	static
main.c:444:25:enableAllSensors	8	static
main.c:448:18:BSP_ACCELERO_Init	16	static
main.c:466:25:BSP_LSM6DS3_ACCELERO_Init	24	static
main.c:513:18:DIL24_Sensor_IO_ITConfig	56	static
main.c:548:18:BSP_ACCELERO_Sensor_Enable	24	static
main.c:573:18:BSP_ACCELERO_Enable_6D_Orientation_Ext	24	static
main.c:609:18:BSP_ACCELERO_Get_Instance	24	static
main.c:627:18:BSP_ACCELERO_Get_6D_Orientation_XL_Ext	24	static
main.c:668:18:BSP_ACCELERO_Get_6D_Orientation_XH_Ext	24	static
main.c:709:18:BSP_ACCELERO_Get_6D_Orientation_YL_Ext	24	static
main.c:750:18:BSP_ACCELERO_Get_6D_Orientation_YH_Ext	24	static
main.c:791:18:BSP_ACCELERO_Get_6D_Orientation_ZL_Ext	24	static
main.c:832:18:BSP_ACCELERO_Get_6D_Orientation_ZH_Ext	24	static
main.c:874:13:sendOrientation	24	static
main.c:991:18:BSP_ACCELERO_Get_Event_Status_Ext	24	static
main.c:1034:6:HAL_GPIO_EXTI_Callback	16	static
main.c:1043:6:HAL_GPIO_EXTI_Falling_Callback	16	static
main.c:1056:6:HAL_GPIO_EXTI_Rising_Callback	16	static
main.c:1075:6:Error_Handler	8	static
