Archive member included to satisfy reference by file (symbol)

d:/program files/st/stm32cubeide_1.1.0/stm32cubeide/plugins/com.st.stm32cube.ide.mcu.externaltools.gnu-tools-for-stm32.7-2018-q2-update.win32_1.0.0.201904181610/tools/bin/../lib/gcc/arm-none-eabi/7.3.1/../../../../arm-none-eabi/lib/thumb/v6-m\libc_nano.a(lib_a-errno.o)
                              Core/Src/syscalls.o (__errno)
d:/program files/st/stm32cubeide_1.1.0/stm32cubeide/plugins/com.st.stm32cube.ide.mcu.externaltools.gnu-tools-for-stm32.7-2018-q2-update.win32_1.0.0.201904181610/tools/bin/../lib/gcc/arm-none-eabi/7.3.1/../../../../arm-none-eabi/lib/thumb/v6-m\libc_nano.a(lib_a-exit.o)
                              d:/program files/st/stm32cubeide_1.1.0/stm32cubeide/plugins/com.st.stm32cube.ide.mcu.externaltools.gnu-tools-for-stm32.7-2018-q2-update.win32_1.0.0.201904181610/tools/bin/../lib/gcc/arm-none-eabi/7.3.1/../../../../arm-none-eabi/lib/thumb/v6-m/crt0.o (exit)
d:/program files/st/stm32cubeide_1.1.0/stm32cubeide/plugins/com.st.stm32cube.ide.mcu.externaltools.gnu-tools-for-stm32.7-2018-q2-update.win32_1.0.0.201904181610/tools/bin/../lib/gcc/arm-none-eabi/7.3.1/../../../../arm-none-eabi/lib/thumb/v6-m\libc_nano.a(lib_a-impure.o)
                              d:/program files/st/stm32cubeide_1.1.0/stm32cubeide/plugins/com.st.stm32cube.ide.mcu.externaltools.gnu-tools-for-stm32.7-2018-q2-update.win32_1.0.0.201904181610/tools/bin/../lib/gcc/arm-none-eabi/7.3.1/../../../../arm-none-eabi/lib/thumb/v6-m\libc_nano.a(lib_a-exit.o) (_global_impure_ptr)
d:/program files/st/stm32cubeide_1.1.0/stm32cubeide/plugins/com.st.stm32cube.ide.mcu.externaltools.gnu-tools-for-stm32.7-2018-q2-update.win32_1.0.0.201904181610/tools/bin/../lib/gcc/arm-none-eabi/7.3.1/../../../../arm-none-eabi/lib/thumb/v6-m\libc_nano.a(lib_a-init.o)
                              d:/program files/st/stm32cubeide_1.1.0/stm32cubeide/plugins/com.st.stm32cube.ide.mcu.externaltools.gnu-tools-for-stm32.7-2018-q2-update.win32_1.0.0.201904181610/tools/bin/../lib/gcc/arm-none-eabi/7.3.1/../../../../arm-none-eabi/lib/thumb/v6-m/crt0.o (__libc_init_array)
d:/program files/st/stm32cubeide_1.1.0/stm32cubeide/plugins/com.st.stm32cube.ide.mcu.externaltools.gnu-tools-for-stm32.7-2018-q2-update.win32_1.0.0.201904181610/tools/bin/../lib/gcc/arm-none-eabi/7.3.1/../../../../arm-none-eabi/lib/thumb/v6-m\libc_nano.a(lib_a-memcpy-stub.o)
                              Core/Src/main.o (memcpy)
d:/program files/st/stm32cubeide_1.1.0/stm32cubeide/plugins/com.st.stm32cube.ide.mcu.externaltools.gnu-tools-for-stm32.7-2018-q2-update.win32_1.0.0.201904181610/tools/bin/../lib/gcc/arm-none-eabi/7.3.1/../../../../arm-none-eabi/lib/thumb/v6-m\libc_nano.a(lib_a-memset.o)
                              d:/program files/st/stm32cubeide_1.1.0/stm32cubeide/plugins/com.st.stm32cube.ide.mcu.externaltools.gnu-tools-for-stm32.7-2018-q2-update.win32_1.0.0.201904181610/tools/bin/../lib/gcc/arm-none-eabi/7.3.1/../../../../arm-none-eabi/lib/thumb/v6-m/crt0.o (memset)
d:/program files/st/stm32cubeide_1.1.0/stm32cubeide/plugins/com.st.stm32cube.ide.mcu.externaltools.gnu-tools-for-stm32.7-2018-q2-update.win32_1.0.0.201904181610/tools/bin/../lib/gcc/arm-none-eabi/7.3.1/../../../../arm-none-eabi/lib/thumb/v6-m\libc_nano.a(lib_a-snprintf.o)
                              Core/Src/main.o (snprintf)
d:/program files/st/stm32cubeide_1.1.0/stm32cubeide/plugins/com.st.stm32cube.ide.mcu.externaltools.gnu-tools-for-stm32.7-2018-q2-update.win32_1.0.0.201904181610/tools/bin/../lib/gcc/arm-none-eabi/7.3.1/../../../../arm-none-eabi/lib/thumb/v6-m\libc_nano.a(lib_a-strlen.o)
                              Core/Src/main.o (strlen)
d:/program files/st/stm32cubeide_1.1.0/stm32cubeide/plugins/com.st.stm32cube.ide.mcu.externaltools.gnu-tools-for-stm32.7-2018-q2-update.win32_1.0.0.201904181610/tools/bin/../lib/gcc/arm-none-eabi/7.3.1/../../../../arm-none-eabi/lib/thumb/v6-m\libc_nano.a(lib_a-nano-svfprintf.o)
                              d:/program files/st/stm32cubeide_1.1.0/stm32cubeide/plugins/com.st.stm32cube.ide.mcu.externaltools.gnu-tools-for-stm32.7-2018-q2-update.win32_1.0.0.201904181610/tools/bin/../lib/gcc/arm-none-eabi/7.3.1/../../../../arm-none-eabi/lib/thumb/v6-m\libc_nano.a(lib_a-snprintf.o) (_svfprintf_r)
d:/program files/st/stm32cubeide_1.1.0/stm32cubeide/plugins/com.st.stm32cube.ide.mcu.externaltools.gnu-tools-for-stm32.7-2018-q2-update.win32_1.0.0.201904181610/tools/bin/../lib/gcc/arm-none-eabi/7.3.1/../../../../arm-none-eabi/lib/thumb/v6-m\libc_nano.a(lib_a-nano-vfprintf_i.o)
                              d:/program files/st/stm32cubeide_1.1.0/stm32cubeide/plugins/com.st.stm32cube.ide.mcu.externaltools.gnu-tools-for-stm32.7-2018-q2-update.win32_1.0.0.201904181610/tools/bin/../lib/gcc/arm-none-eabi/7.3.1/../../../../arm-none-eabi/lib/thumb/v6-m\libc_nano.a(lib_a-nano-svfprintf.o) (_printf_i)
[...]
Memory Configuration

Name             Origin             Length             Attributes
RAM              0x0000000020000000 0x0000000000009000 xrw
FLASH            0x0000000008000000 0x0000000000020000 xr
*default*        0x0000000000000000 0xffffffffffffffff

Linker script and memory map

LOAD d:/program files/st/stm32cubeide_1.1.0/stm32cubeide/plugins/com.st.stm32cube.ide.mcu.externaltools.gnu-tools-for-stm32.7-2018-q2-update.win32_1.0.0.201904181610/tools/bin/../lib/gcc/arm-none-eabi/7.3.1/thumb/v6-m/crti.o
LOAD d:/program files/st/stm32cubeide_1.1.0/stm32cubeide/plugins/com.st.stm32cube.ide.mcu.externaltools.gnu-tools-for-stm32.7-2018-q2-update.win32_1.0.0.201904181610/tools/bin/../lib/gcc/arm-none-eabi/7.3.1/thumb/v6-m/crtbegin.o
LOAD d:/program files/st/stm32cubeide_1.1.0/stm32cubeide/plugins/com.st.stm32cube.ide.mcu.externaltools.gnu-tools-for-stm32.7-2018-q2-update.win32_1.0.0.201904181610/tools/bin/../lib/gcc/arm-none-eabi/7.3.1/../../../../arm-none-eabi/lib/thumb/v6-m/crt0.o
LOAD Core/Src/LSM6DS3_ACC_GYRO_driver.o
LOAD Core/Src/LSM6DS3_ACC_GYRO_driver_HL.o
LOAD Core/Src/main.o
LOAD Core/Src/stm32g0xx_hal_msp.o
LOAD Core/Src/stm32g0xx_it.o
LOAD Core/Src/syscalls.o
LOAD Core/Src/sysmem.o
LOAD Core/Src/system_stm32g0xx.o
LOAD Core/Startup/startup_stm32g071rbtx.o
LOAD Drivers/STM32G0xx_HAL_Driver/Src/stm32g0xx_hal.o
LOAD Drivers/STM32G0xx_HAL_Driver/Src/stm32g0xx_hal_cortex.o
LOAD Drivers/STM32G0xx_HAL_Driver/Src/stm32g0xx_hal_dma.o
LOAD Drivers/STM32G0xx_HAL_Driver/Src/stm32g0xx_hal_dma_ex.o
LOAD Drivers/STM32G0xx_HAL_Driver/Src/stm32g0xx_hal_exti.o
LOAD Drivers/STM32G0xx_HAL_Driver/Src/stm32g0xx_hal_flash.o
LOAD Drivers/STM32G0xx_HAL_Driver/Src/stm32g0xx_hal_flash_ex.o
LOAD Drivers/STM32G0xx_HAL_Driver/Src/stm32g0xx_hal_gpio.o
LOAD Drivers/STM32G0xx_HAL_Driver/Src/stm32g0xx_hal_i2c.o
LOAD Drivers/STM32G0xx_HAL_Driver/Src/stm32g0xx_hal_i2c_ex.o
LOAD Drivers/STM32G0xx_HAL_Driver/Src/stm32g0xx_hal_pwr.o
LOAD Drivers/STM32G0xx_HAL_Driver/Src/stm32g0xx_hal_pwr_ex.o
LOAD Drivers/STM32G0xx_HAL_Driver/Src/stm32g0xx_hal_rcc.o
LOAD Drivers/STM32G0xx_HAL_Driver/Src/stm32g0xx_hal_rcc_ex.o
LOAD Drivers/STM32G0xx_HAL_Driver/Src/stm32g0xx_hal_tim.o
LOAD Drivers/STM32G0xx_HAL_Driver/Src/stm32g0xx_hal_tim_ex.o
LOAD Drivers/STM32G0xx_HAL_Driver/Src/stm32g0xx_hal_uart.o
LOAD Drivers/STM32G0xx_HAL_Driver/Src/stm32g0xx_hal_uart_ex.o
LOAD Drivers/STM32G0xx_HAL_Driver/Src/stm32g0xx_ll_rcc.o
START GROUP
LOAD d:/program files/st/stm32cubeide_1.1.0/stm32cubeide/plugins/com.st.stm32cube.ide.mcu.externaltools.gnu-tools-for-stm32.7-2018-q2-update.win32_1.0.0.201904181610/tools/bin/../lib/gcc/arm-none-eabi/7.3.1/../../../../arm-none-eabi/lib/thumb/v6-m\libc_nano.a
LOAD d:/program files/st/stm32cubeide_1.1.0/stm32cubeide/plugins/com.st.stm32cube.ide.mcu.externaltools.gnu-tools-for-stm32.7-2018-q2-update.win32_1.0.0.201904181610/tools/bin/../lib/gcc/arm-none-eabi/7.3.1/../../../../arm-none-eabi/lib/thumb/v6-m\libm.a
END GROUP
START GROUP
LOAD d:/program files/st/stm32cubeide_1.1.0/stm32cubeide/plugins/com.st.stm32cube.ide.mcu.externaltools.gnu-tools-for-stm32.7-2018-q2-update.win32_1.0.0.201904181610/tools/bin/../lib/gcc/arm-none-eabi/7.3.1/thumb/v6-m\libgcc.a
LOAD d:/program files/st/stm32cubeide_1.1.0/stm32cubeide/plugins/com.st.stm32cube.ide.mcu.externaltools.gnu-tools-for-stm32.7-2018-q2-update.win32_1.0.0.201904181610/tools/bin/../lib/gcc/arm-none-eabi/7.3.1/../../../../arm-none-eabi/lib/thumb/v6-m\libc_nano.a
END GROUP
START GROUP
LOAD d:/program files/st/stm32cubeide_1.1.0/stm32cubeide/plugins/com.st.stm32cube.ide.mcu.externaltools.gnu-tools-for-stm32.7-2018-q2-update.win32_1.0.0.201904181610/tools/bin/../lib/gcc/arm-none-eabi/7.3.1/thumb/v6-m\libgcc.a
LOAD d:/program files/st/stm32cubeide_1.1.0/stm32cubeide/plugins/com.st.stm32cube.ide.mcu.externaltools.gnu-tools-for-stm32.7-2018-q2-update.win32_1.0.0.201904181610/tools/bin/../lib/gcc/arm-none-eabi/7.3.1/../../../../arm-none-eabi/lib/thumb/v6-m\libc_nano.a
LOAD d:/program files/st/stm32cubeide_1.1.0/stm32cubeide/plugins/com.st.stm32cube.ide.mcu.externaltools.gnu-tools-for-stm32.7-2018-q2-update.win32_1.0.0.201904181610/tools/bin/../lib/gcc/arm-none-eabi/7.3.1/../../../../arm-none-eabi/lib/thumb/v6-m\libnosys.a
END GROUP
START GROUP
LOAD d:/program files/st/stm32cubeide_1.1.0/stm32cubeide/plugins/com.st.stm32cube.ide.mcu.externaltools.gnu-tools-for-stm32.7-2018-q2-update.win32_1.0.0.201904181610/tools/bin/../lib/gcc/arm-none-eabi/7.3.1/thumb/v6-m\libgcc.a
LOAD d:/program files/st/stm32cubeide_1.1.0/stm32cubeide/plugins/com.st.stm32cube.ide.mcu.externaltools.gnu-tools-for-stm32.7-2018-q2-update.win32_1.0.0.201904181610/tools/bin/../lib/gcc/arm-none-eabi/7.3.1/../../../../arm-none-eabi/lib/thumb/v6-m\libc_nano.a
LOAD d:/program files/st/stm32cubeide_1.1.0/stm32cubeide/plugins/com.st.stm32cube.ide.mcu.externaltools.gnu-tools-for-stm32.7-2018-q2-update.win32_1.0.0.201904181610/tools/bin/../lib/gcc/arm-none-eabi/7.3.1/../../../../arm-none-eabi/lib/thumb/v6-m\libnosys.a
END GROUP
LOAD d:/program files/st/stm32cubeide_1.1.0/stm32cubeide/plugins/com.st.stm32cube.ide.mcu.externaltools.gnu-tools-for-stm32.7-2018-q2-update.win32_1.0.0.201904181610/tools/bin/../lib/gcc/arm-none-eabi/7.3.1/thumb/v6-m/crtend.o
LOAD d:/program files/st/stm32cubeide_1.1.0/stm32cubeide/plugins/com.st.stm32cube.ide.mcu.externaltools.gnu-tools-for-stm32.7-2018-q2-update.win32_1.0.0.201904181610/tools/bin/../lib/gcc/arm-none-eabi/7.3.1/thumb/v6-m/crtn.o
                0x0000000020009000                _estack = (ORIGIN (RAM) + LENGTH (RAM))
                0x0000000000000200                _Min_Heap_Size = 0x200
                0x0000000000000400                _Min_Stack_Size = 0x400

.isr_vector     0x0000000008000000       0xbc
                0x0000000008000000                . = ALIGN (0x4)
 *(.isr_vector)
 .isr_vector    0x0000000008000000       0xbc Core/Startup/startup_stm32g071rbtx.o
                0x0000000008000000                g_pfnVectors
                0x00000000080000bc                . = ALIGN (0x4)

.text           0x00000000080000bc     0x9b58
                0x00000000080000bc                . = ALIGN (0x4)
 *(.text)
 .text          0x00000000080000bc       0x48 d:/program files/st/stm32cubeide_1.1.0/stm32cubeide/plugins/com.st.stm32cube.ide.mcu.externaltools.gnu-tools-for-stm32.7-2018-q2-update.win32_1.0.0.201904181610/tools/bin/../lib/gcc/arm-none-eabi/7.3.1/thumb/v6-m/crtbegin.o
 .text          0x0000000008000104        0xe d:/program files/st/stm32cubeide_1.1.0/stm32cubeide/plugins/com.st.stm32cube.ide.mcu.externaltools.gnu-tools-for-stm32.7-2018-q2-update.win32_1.0.0.201904181610/tools/bin/../lib/gcc/arm-none-eabi/7.3.1/../../../../arm-none-eabi/lib/thumb/v6-m\libc_nano.a(lib_a-strlen.o)
                0x0000000008000104                strlen
 *fill*         0x0000000008000112        0x2 
 .text          0x0000000008000114      0x114 d:/program files/st/stm32cubeide_1.1.0/stm32cubeide/plugins/com.st.stm32cube.ide.mcu.externaltools.gnu-tools-for-stm32.7-2018-q2-update.win32_1.0.0.201904181610/tools/bin/../lib/gcc/arm-none-eabi/7.3.1/thumb/v6-m\libgcc.a(_udivsi3.o)
                0x0000000008000114                __aeabi_uidiv
                0x0000000008000114                __udivsi3
                0x0000000008000220                __aeabi_uidivmod
 .text          0x0000000008000228      0x1d4 d:/program files/st/stm32cubeide_1.1.0/stm32cubeide/plugins/com.st.stm32cube.ide.mcu.externaltools.gnu-tools-for-stm32.7-2018-q2-update.win32_1.0.0.201904181610/tools/bin/../lib/gcc/arm-none-eabi/7.3.1/thumb/v6-m\libgcc.a(_divsi3.o)
                0x0000000008000228                __divsi3
                0x0000000008000228                __aeabi_idiv
                0x00000000080003f4                __aeabi_idivmod
 .text          0x00000000080003fc        0x4 d:/program files/st/stm32cubeide_1.1.0/stm32cubeide/plugins/com.st.stm32cube.ide.mcu.externaltools.gnu-tools-for-stm32.7-2018-q2-update.win32_1.0.0.201904181610/tools/bin/../lib/gcc/arm-none-eabi/7.3.1/thumb/v6-m\libgcc.a(_dvmd_tls.o)
                0x00000000080003fc                __aeabi_idiv0
                0x00000000080003fc                __aeabi_ldiv0
 .text          0x0000000008000400       0x74 d:/program files/st/stm32cubeide_1.1.0/stm32cubeide/plugins/com.st.stm32cube.ide.mcu.externaltools.gnu-tools-for-stm32.7-2018-q2-update.win32_1.0.0.201904181610/tools/bin/../lib/gcc/arm-none-eabi/7.3.1/thumb/v6-m\libgcc.a(_arm_cmpsf2.o)
                0x0000000008000400                __aeabi_cfrcmple
                0x0000000008000408                __aeabi_cfcmpeq
                0x0000000008000408                __aeabi_cfcmple
                0x0000000008000418                __aeabi_fcmpeq
                0x0000000008000424                __aeabi_fcmplt
                0x0000000008000438                __aeabi_fcmple
                0x000000000800044c                __aeabi_fcmpgt
                0x0000000008000460                __aeabi_fcmpge
 .text          0x0000000008000474       0x40 d:/program files/st/stm32cubeide_1.1.0/stm32cubeide/plugins/com.st.stm32cube.ide.mcu.externaltools.gnu-tools-for-stm32.7-2018-q2-update.win32_1.0.0.201904181610/tools/bin/../lib/gcc/arm-none-eabi/7.3.1/thumb/v6-m\libgcc.a(_aeabi_uldivmod.o)
                0x0000000008000474                __aeabi_uldivmod
 .text          0x00000000080004b4      0x184 d:/program files/st/stm32cubeide_1.1.0/stm32cubeide/plugins/com.st.stm32cube.ide.mcu.externaltools.gnu-tools-for-stm32.7-2018-q2-update.win32_1.0.0.201904181610/tools/bin/../lib/gcc/arm-none-eabi/7.3.1/thumb/v6-m\libgcc.a(_udivmoddi4.o)
                0x00000000080004b4                __udivmoddi4
 .text          0x0000000008000638       0x50 d:/program files/st/stm32cubeide_1.1.0/stm32cubeide/plugins/com.st.stm32cube.ide.mcu.externaltools.gnu-tools-for-stm32.7-2018-q2-update.win32_1.0.0.201904181610/tools/bin/../lib/gcc/arm-none-eabi/7.3.1/thumb/v6-m\libgcc.a(eqsf2.o)
                0x0000000008000638                __eqsf2
                0x0000000008000638                __nesf2
 .text          0x0000000008000688       0x9c d:/program files/st/stm32cubeide_1.1.0/stm32cubeide/plugins/com.st.stm32cube.ide.mcu.externaltools.gnu-tools-for-stm32.7-2018-q2-update.win32_1.0.0.201904181610/tools/bin/../lib/gcc/arm-none-eabi/7.3.1/thumb/v6-m\libgcc.a(gesf2.o)
                0x0000000008000688                __gesf2
                0x0000000008000688                __gtsf2
 .text          0x0000000008000724       0xa0 d:/program files/st/stm32cubeide_1.1.0/stm32cubeide/plugins/com.st.stm32cube.ide.mcu.externaltools.gnu-tools-for-stm32.7-2018-q2-update.win32_1.0.0.201904181610/tools/bin/../lib/gcc/arm-none-eabi/7.3.1/thumb/v6-m\libgcc.a(lesf2.o)
                0x0000000008000724                __ltsf2
                0x0000000008000724                __lesf2
 .text          0x00000000080007c4      0x264 d:/program files/st/stm32cubeide_1.1.0/stm32cubeide/plugins/com.st.stm32cube.ide.mcu.externaltools.gnu-tools-for-stm32.7-2018-q2-update.win32_1.0.0.201904181610/tools/bin/../lib/gcc/arm-none-eabi/7.3.1/thumb/v6-m\libgcc.a(mulsf3.o)
                0x00000000080007c4                __aeabi_fmul
 .text          0x0000000008000a28       0x40 d:/program files/st/stm32cubeide_1.1.0/stm32cubeide/plugins/com.st.stm32cube.ide.mcu.externaltools.gnu-tools-for-stm32.7-2018-q2-update.win32_1.0.0.201904181610/tools/bin/../lib/gcc/arm-none-eabi/7.3.1/thumb/v6-m\libgcc.a(fixsfsi.o)
                0x0000000008000a28                __aeabi_f2iz
 .text          0x0000000008000a68       0x94 d:/program files/st/stm32cubeide_1.1.0/stm32cubeide/plugins/com.st.stm32cube.ide.mcu.externaltools.gnu-tools-for-stm32.7-2018-q2-update.win32_1.0.0.201904181610/tools/bin/../lib/gcc/arm-none-eabi/7.3.1/thumb/v6-m\libgcc.a(floatsisf.o)
                0x0000000008000a68                __aeabi_i2f
 .text          0x0000000008000afc       0x3c d:/program files/st/stm32cubeide_1.1.0/stm32cubeide/plugins/com.st.stm32cube.ide.mcu.externaltools.gnu-tools-for-stm32.7-2018-q2-update.win32_1.0.0.201904181610/tools/bin/../lib/gcc/arm-none-eabi/7.3.1/thumb/v6-m\libgcc.a(_clzsi2.o)
                0x0000000008000afc                __clzsi2
 .text          0x0000000008000b38       0x18 d:/program files/st/stm32cubeide_1.1.0/stm32cubeide/plugins/com.st.stm32cube.ide.mcu.externaltools.gnu-tools-for-stm32.7-2018-q2-update.win32_1.0.0.201904181610/tools/bin/../lib/gcc/arm-none-eabi/7.3.1/thumb/v6-m\libgcc.a(_clzdi2.o)
                0x0000000008000b38                __clzdi2
 *(.text*)
 .text.LSM6DS3_ACC_GYRO_WriteReg
                0x0000000008000b50       0x42 Core/Src/LSM6DS3_ACC_GYRO_driver.o
                0x0000000008000b50                LSM6DS3_ACC_GYRO_WriteReg
 .text.LSM6DS3_ACC_GYRO_ReadReg
                0x0000000008000b92       0x42 Core/Src/LSM6DS3_ACC_GYRO_driver.o
                0x0000000008000b92                LSM6DS3_ACC_GYRO_ReadReg
 .text.LSM6DS3_ACC_GYRO_R_WHO_AM_I
                0x0000000008000bd4       0x38 Core/Src/LSM6DS3_ACC_GYRO_driver.o
                0x0000000008000bd4                LSM6DS3_ACC_GYRO_R_WHO_AM_I
 .text.LSM6DS3_ACC_GYRO_W_BDU
                0x0000000008000c0c       0x62 Core/Src/LSM6DS3_ACC_GYRO_driver.o
                0x0000000008000c0c                LSM6DS3_ACC_GYRO_W_BDU
 .text.LSM6DS3_ACC_GYRO_W_FS_XL
                0x0000000008000c6e       0x62 Core/Src/LSM6DS3_ACC_GYRO_driver.o
                0x0000000008000c6e                LSM6DS3_ACC_GYRO_W_FS_XL
 .text.LSM6DS3_ACC_GYRO_R_FS_XL
                0x0000000008000cd0       0x36 Core/Src/LSM6DS3_ACC_GYRO_driver.o
                0x0000000008000cd0                LSM6DS3_ACC_GYRO_R_FS_XL
 .text.LSM6DS3_ACC_GYRO_GetRawAccData
                0x0000000008000d06       0x98 Core/Src/LSM6DS3_ACC_GYRO_driver.o
                0x0000000008000d06                LSM6DS3_ACC_GYRO_GetRawAccData
 .text.LSM6DS3_ACC_GYRO_W_ODR_XL
                0x0000000008000d9e       0x62 Core/Src/LSM6DS3_ACC_GYRO_driver.o
                0x0000000008000d9e                LSM6DS3_ACC_GYRO_W_ODR_XL
 .text.LSM6DS3_ACC_GYRO_R_ODR_XL
                0x0000000008000e00       0x36 Core/Src/LSM6DS3_ACC_GYRO_driver.o
                0x0000000008000e00                LSM6DS3_ACC_GYRO_R_ODR_XL
 .text.LSM6DS3_ACC_GYRO_W_EmbeddedAccess
                0x0000000008000e36       0x62 Core/Src/LSM6DS3_ACC_GYRO_driver.o
                0x0000000008000e36                LSM6DS3_ACC_GYRO_W_EmbeddedAccess
 .text.LSM6DS3_ACC_GYRO_W_FIFO_Watermark
                0x0000000008000e98       0xe6 Core/Src/LSM6DS3_ACC_GYRO_driver.o
                0x0000000008000e98                LSM6DS3_ACC_GYRO_W_FIFO_Watermark
 .text.LSM6DS3_ACC_GYRO_W_DEC_FIFO_XL
                0x0000000008000f7e       0x62 Core/Src/LSM6DS3_ACC_GYRO_driver.o
                0x0000000008000f7e                LSM6DS3_ACC_GYRO_W_DEC_FIFO_XL
 .text.LSM6DS3_ACC_GYRO_W_FIFO_MODE
                0x0000000008000fe0       0x62 Core/Src/LSM6DS3_ACC_GYRO_driver.o
                0x0000000008000fe0                LSM6DS3_ACC_GYRO_W_FIFO_MODE
 .text.LSM6DS3_ACC_GYRO_W_ODR_FIFO
                0x0000000008001042       0x62 Core/Src/LSM6DS3_ACC_GYRO_driver.o
                0x0000000008001042                LSM6DS3_ACC_GYRO_W_ODR_FIFO
 .text.LSM6DS3_ACC_GYRO_W_FSS5_on_INT1
                0x00000000080010a4       0x62 Core/Src/LSM6DS3_ACC_GYRO_driver.o
                0x00000000080010a4                LSM6DS3_ACC_GYRO_W_FSS5_on_INT1
 .text.LSM6DS3_ACC_GYRO_W_PEDO_STEP_on_INT1
                0x0000000008001106       0x62 Core/Src/LSM6DS3_ACC_GYRO_driver.o
                0x0000000008001106                LSM6DS3_ACC_GYRO_W_PEDO_STEP_on_INT1
 .text.LSM6DS3_ACC_GYRO_W_IF_Addr_Incr
                0x0000000008001168       0x62 Core/Src/LSM6DS3_ACC_GYRO_driver.o
                0x0000000008001168                LSM6DS3_ACC_GYRO_W_IF_Addr_Incr
 .text.LSM6DS3_ACC_GYRO_W_STOP_ON_FTH
                0x00000000080011ca       0x62 Core/Src/LSM6DS3_ACC_GYRO_driver.o
                0x00000000080011ca                LSM6DS3_ACC_GYRO_W_STOP_ON_FTH
 .text.LSM6DS3_ACC_GYRO_W_SelfTest_XL
                0x000000000800122c       0x62 Core/Src/LSM6DS3_ACC_GYRO_driver.o
                0x000000000800122c                LSM6DS3_ACC_GYRO_W_SelfTest_XL
 .text.LSM6DS3_ACC_GYRO_W_XEN_XL
                0x000000000800128e       0x62 Core/Src/LSM6DS3_ACC_GYRO_driver.o
                0x000000000800128e                LSM6DS3_ACC_GYRO_W_XEN_XL
 .text.LSM6DS3_ACC_GYRO_R_XEN_XL
                0x00000000080012f0       0x36 Core/Src/LSM6DS3_ACC_GYRO_driver.o
                0x00000000080012f0                LSM6DS3_ACC_GYRO_R_XEN_XL
 .text.LSM6DS3_ACC_GYRO_W_YEN_XL
                0x0000000008001326       0x62 Core/Src/LSM6DS3_ACC_GYRO_driver.o
                0x0000000008001326                LSM6DS3_ACC_GYRO_W_YEN_XL
 .text.LSM6DS3_ACC_GYRO_R_YEN_XL
                0x0000000008001388       0x36 Core/Src/LSM6DS3_ACC_GYRO_driver.o
                0x0000000008001388                LSM6DS3_ACC_GYRO_R_YEN_XL
 .text.LSM6DS3_ACC_GYRO_W_ZEN_XL
                0x00000000080013be       0x62 Core/Src/LSM6DS3_ACC_GYRO_driver.o
                0x00000000080013be                LSM6DS3_ACC_GYRO_W_ZEN_XL
 .text.LSM6DS3_ACC_GYRO_R_ZEN_XL
                0x0000000008001420       0x36 Core/Src/LSM6DS3_ACC_GYRO_driver.o
                0x0000000008001420                LSM6DS3_ACC_GYRO_R_ZEN_XL
 .text.LSM6DS3_ACC_GYRO_W_PedoStepReset
                0x0000000008001456       0x62 Core/Src/LSM6DS3_ACC_GYRO_driver.o
                0x0000000008001456                LSM6DS3_ACC_GYRO_W_PedoStepReset
 .text.LSM6DS3_ACC_GYRO_W_FUNC_EN
                0x00000000080014b8       0x62 Core/Src/LSM6DS3_ACC_GYRO_driver.o
                0x00000000080014b8                LSM6DS3_ACC_GYRO_W_FUNC_EN
 .text.LSM6DS3_ACC_GYRO_R_WU_EV_STATUS
                0x000000000800151a       0x36 Core/Src/LSM6DS3_ACC_GYRO_driver.o
                0x000000000800151a                LSM6DS3_ACC_GYRO_R_WU_EV_STATUS
 .text.LSM6DS3_ACC_GYRO_R_FF_EV_STATUS
                0x0000000008001550       0x36 Core/Src/LSM6DS3_ACC_GYRO_driver.o
                0x0000000008001550                LSM6DS3_ACC_GYRO_R_FF_EV_STATUS
 .text.LSM6DS3_ACC_GYRO_R_DOUBLE_TAP_EV_STATUS
                0x0000000008001586       0x36 Core/Src/LSM6DS3_ACC_GYRO_driver.o
                0x0000000008001586                LSM6DS3_ACC_GYRO_R_DOUBLE_TAP_EV_STATUS
 .text.LSM6DS3_ACC_GYRO_R_SINGLE_TAP_EV_STATUS
                0x00000000080015bc       0x36 Core/Src/LSM6DS3_ACC_GYRO_driver.o
                0x00000000080015bc                LSM6DS3_ACC_GYRO_R_SINGLE_TAP_EV_STATUS
 .text.LSM6DS3_ACC_GYRO_R_DSD_XL
                0x00000000080015f2       0x36 Core/Src/LSM6DS3_ACC_GYRO_driver.o
                0x00000000080015f2                LSM6DS3_ACC_GYRO_R_DSD_XL
 .text.LSM6DS3_ACC_GYRO_R_DSD_XH
                0x0000000008001628       0x36 Core/Src/LSM6DS3_ACC_GYRO_driver.o
                0x0000000008001628                LSM6DS3_ACC_GYRO_R_DSD_XH
 .text.LSM6DS3_ACC_GYRO_R_DSD_YL
                0x000000000800165e       0x36 Core/Src/LSM6DS3_ACC_GYRO_driver.o
                0x000000000800165e                LSM6DS3_ACC_GYRO_R_DSD_YL
 .text.LSM6DS3_ACC_GYRO_R_DSD_YH
                0x0000000008001694       0x36 Core/Src/LSM6DS3_ACC_GYRO_driver.o
                0x0000000008001694                LSM6DS3_ACC_GYRO_R_DSD_YH
 .text.LSM6DS3_ACC_GYRO_R_DSD_ZL
                0x00000000080016ca       0x36 Core/Src/LSM6DS3_ACC_GYRO_driver.o
                0x00000000080016ca                LSM6DS3_ACC_GYRO_R_DSD_ZL
 .text.LSM6DS3_ACC_GYRO_R_DSD_ZH
                0x0000000008001700       0x36 Core/Src/LSM6DS3_ACC_GYRO_driver.o
                0x0000000008001700                LSM6DS3_ACC_GYRO_R_DSD_ZH
 .text.LSM6DS3_ACC_GYRO_R_D6D_EV_STATUS
                0x0000000008001736       0x36 Core/Src/LSM6DS3_ACC_GYRO_driver.o
                0x0000000008001736                LSM6DS3_ACC_GYRO_R_D6D_EV_STATUS
 .text.LSM6DS3_ACC_GYRO_R_XLDA
                0x000000000800176c       0x36 Core/Src/LSM6DS3_ACC_GYRO_driver.o
                0x000000000800176c                LSM6DS3_ACC_GYRO_R_XLDA
 .text.LSM6DS3_ACC_GYRO_R_FIFONumOfEntries
                0x00000000080017a2       0x84 Core/Src/LSM6DS3_ACC_GYRO_driver.o
                0x00000000080017a2                LSM6DS3_ACC_GYRO_R_FIFONumOfEntries
 .text.LSM6DS3_ACC_GYRO_R_FIFOEmpty
                0x0000000008001826       0x36 Core/Src/LSM6DS3_ACC_GYRO_driver.o
                0x0000000008001826                LSM6DS3_ACC_GYRO_R_FIFOEmpty
 .text.LSM6DS3_ACC_GYRO_R_FIFOFull
                0x000000000800185c       0x36 Core/Src/LSM6DS3_ACC_GYRO_driver.o
                0x000000000800185c                LSM6DS3_ACC_GYRO_R_FIFOFull
 .text.LSM6DS3_ACC_GYRO_R_OVERRUN
                0x0000000008001892       0x36 Core/Src/LSM6DS3_ACC_GYRO_driver.o
                0x0000000008001892                LSM6DS3_ACC_GYRO_R_OVERRUN
 .text.LSM6DS3_ACC_GYRO_R_FIFOPattern
                0x00000000080018c8       0x84 Core/Src/LSM6DS3_ACC_GYRO_driver.o
                0x00000000080018c8                LSM6DS3_ACC_GYRO_R_FIFOPattern
 .text.LSM6DS3_ACC_GYRO_R_PEDO_EV_STATUS
                0x000000000800194c       0x36 Core/Src/LSM6DS3_ACC_GYRO_driver.o
                0x000000000800194c                LSM6DS3_ACC_GYRO_R_PEDO_EV_STATUS
 .text.LSM6DS3_ACC_GYRO_R_TILT_EV_STATUS
                0x0000000008001982       0x36 Core/Src/LSM6DS3_ACC_GYRO_driver.o
                0x0000000008001982                LSM6DS3_ACC_GYRO_R_TILT_EV_STATUS
 .text.LSM6DS3_ACC_GYRO_W_LIR
                0x00000000080019b8       0x62 Core/Src/LSM6DS3_ACC_GYRO_driver.o
                0x00000000080019b8                LSM6DS3_ACC_GYRO_W_LIR
 .text.LSM6DS3_ACC_GYRO_W_TAP_Z_EN
                0x0000000008001a1a       0x62 Core/Src/LSM6DS3_ACC_GYRO_driver.o
                0x0000000008001a1a                LSM6DS3_ACC_GYRO_W_TAP_Z_EN
 .text.LSM6DS3_ACC_GYRO_W_TAP_Y_EN
                0x0000000008001a7c       0x62 Core/Src/LSM6DS3_ACC_GYRO_driver.o
                0x0000000008001a7c                LSM6DS3_ACC_GYRO_W_TAP_Y_EN
 .text.LSM6DS3_ACC_GYRO_W_TAP_X_EN
                0x0000000008001ade       0x62 Core/Src/LSM6DS3_ACC_GYRO_driver.o
                0x0000000008001ade                LSM6DS3_ACC_GYRO_W_TAP_X_EN
 .text.LSM6DS3_ACC_GYRO_W_TILT_EN
                0x0000000008001b40       0x62 Core/Src/LSM6DS3_ACC_GYRO_driver.o
                0x0000000008001b40                LSM6DS3_ACC_GYRO_W_TILT_EN
 .text.LSM6DS3_ACC_GYRO_W_PEDO_EN
                0x0000000008001ba2       0x62 Core/Src/LSM6DS3_ACC_GYRO_driver.o
                0x0000000008001ba2                LSM6DS3_ACC_GYRO_W_PEDO_EN
 .text.LSM6DS3_ACC_GYRO_W_TAP_THS
                0x0000000008001c04       0x76 Core/Src/LSM6DS3_ACC_GYRO_driver.o
                0x0000000008001c04                LSM6DS3_ACC_GYRO_W_TAP_THS
 .text.LSM6DS3_ACC_GYRO_W_SIXD_THS
                0x0000000008001c7a       0x62 Core/Src/LSM6DS3_ACC_GYRO_driver.o
                0x0000000008001c7a                LSM6DS3_ACC_GYRO_W_SIXD_THS
 .text.LSM6DS3_ACC_GYRO_W_SHOCK_Duration
                0x0000000008001cdc       0x76 Core/Src/LSM6DS3_ACC_GYRO_driver.o
                0x0000000008001cdc                LSM6DS3_ACC_GYRO_W_SHOCK_Duration
 .text.LSM6DS3_ACC_GYRO_W_QUIET_Duration
                0x0000000008001d52       0x78 Core/Src/LSM6DS3_ACC_GYRO_driver.o
                0x0000000008001d52                LSM6DS3_ACC_GYRO_W_QUIET_Duration
 .text.LSM6DS3_ACC_GYRO_W_DUR
                0x0000000008001dca       0x78 Core/Src/LSM6DS3_ACC_GYRO_driver.o
                0x0000000008001dca                LSM6DS3_ACC_GYRO_W_DUR
 .text.LSM6DS3_ACC_GYRO_W_WK_THS
                0x0000000008001e42       0x76 Core/Src/LSM6DS3_ACC_GYRO_driver.o
                0x0000000008001e42                LSM6DS3_ACC_GYRO_W_WK_THS
 .text.LSM6DS3_ACC_GYRO_W_SINGLE_DOUBLE_TAP_EV
                0x0000000008001eb8       0x62 Core/Src/LSM6DS3_ACC_GYRO_driver.o
                0x0000000008001eb8                LSM6DS3_ACC_GYRO_W_SINGLE_DOUBLE_TAP_EV
 .text.LSM6DS3_ACC_GYRO_W_SLEEP_DUR
                0x0000000008001f1a       0x76 Core/Src/LSM6DS3_ACC_GYRO_driver.o
                0x0000000008001f1a                LSM6DS3_ACC_GYRO_W_SLEEP_DUR
 .text.LSM6DS3_ACC_GYRO_W_TIMER_HR
                0x0000000008001f90       0x62 Core/Src/LSM6DS3_ACC_GYRO_driver.o
                0x0000000008001f90                LSM6DS3_ACC_GYRO_W_TIMER_HR
 .text.LSM6DS3_ACC_GYRO_W_WAKE_DUR
                0x0000000008001ff2       0x78 Core/Src/LSM6DS3_ACC_GYRO_driver.o
                0x0000000008001ff2                LSM6DS3_ACC_GYRO_W_WAKE_DUR
 .text.LSM6DS3_ACC_GYRO_W_FF_THS
                0x000000000800206a       0x62 Core/Src/LSM6DS3_ACC_GYRO_driver.o
                0x000000000800206a                LSM6DS3_ACC_GYRO_W_FF_THS
 .text.LSM6DS3_ACC_GYRO_W_FF_Duration
                0x00000000080020cc       0xfe Core/Src/LSM6DS3_ACC_GYRO_driver.o
                0x00000000080020cc                LSM6DS3_ACC_GYRO_W_FF_Duration
 .text.LSM6DS3_ACC_GYRO_W_TiltEvOnInt1
                0x00000000080021ca       0x62 Core/Src/LSM6DS3_ACC_GYRO_driver.o
                0x00000000080021ca                LSM6DS3_ACC_GYRO_W_TiltEvOnInt1
 .text.LSM6DS3_ACC_GYRO_W_6DEvOnInt1
                0x000000000800222c       0x62 Core/Src/LSM6DS3_ACC_GYRO_driver.o
                0x000000000800222c                LSM6DS3_ACC_GYRO_W_6DEvOnInt1
 .text.LSM6DS3_ACC_GYRO_W_TapEvOnInt1
                0x000000000800228e       0x62 Core/Src/LSM6DS3_ACC_GYRO_driver.o
                0x000000000800228e                LSM6DS3_ACC_GYRO_W_TapEvOnInt1
 .text.LSM6DS3_ACC_GYRO_W_FFEvOnInt1
                0x00000000080022f0       0x62 Core/Src/LSM6DS3_ACC_GYRO_driver.o
                0x00000000080022f0                LSM6DS3_ACC_GYRO_W_FFEvOnInt1
 .text.LSM6DS3_ACC_GYRO_W_WUEvOnInt1
                0x0000000008002352       0x62 Core/Src/LSM6DS3_ACC_GYRO_driver.o
                0x0000000008002352                LSM6DS3_ACC_GYRO_W_WUEvOnInt1
 .text.LSM6DS3_ACC_GYRO_W_SingleTapOnInt1
                0x00000000080023b4       0x62 Core/Src/LSM6DS3_ACC_GYRO_driver.o
                0x00000000080023b4                LSM6DS3_ACC_GYRO_W_SingleTapOnInt1
 .text.LSM6DS3_ACC_GYRO_W_TiltEvOnInt2
                0x0000000008002416       0x62 Core/Src/LSM6DS3_ACC_GYRO_driver.o
                0x0000000008002416                LSM6DS3_ACC_GYRO_W_TiltEvOnInt2
 .text.LSM6DS3_ACC_GYRO_W_6DEvOnInt2
                0x0000000008002478       0x62 Core/Src/LSM6DS3_ACC_GYRO_driver.o
                0x0000000008002478                LSM6DS3_ACC_GYRO_W_6DEvOnInt2
 .text.LSM6DS3_ACC_GYRO_W_TapEvOnInt2
                0x00000000080024da       0x62 Core/Src/LSM6DS3_ACC_GYRO_driver.o
                0x00000000080024da                LSM6DS3_ACC_GYRO_W_TapEvOnInt2
 .text.LSM6DS3_ACC_GYRO_W_FFEvOnInt2
                0x000000000800253c       0x62 Core/Src/LSM6DS3_ACC_GYRO_driver.o
                0x000000000800253c                LSM6DS3_ACC_GYRO_W_FFEvOnInt2
 .text.LSM6DS3_ACC_GYRO_W_WUEvOnInt2
                0x000000000800259e       0x62 Core/Src/LSM6DS3_ACC_GYRO_driver.o
                0x000000000800259e                LSM6DS3_ACC_GYRO_W_WUEvOnInt2
 .text.LSM6DS3_ACC_GYRO_W_SingleTapOnInt2
                0x0000000008002600       0x62 Core/Src/LSM6DS3_ACC_GYRO_driver.o
                0x0000000008002600                LSM6DS3_ACC_GYRO_W_SingleTapOnInt2
 .text.LSM6DS3_ACC_GYRO_Get_GetFIFOData
                0x0000000008002662       0x98 Core/Src/LSM6DS3_ACC_GYRO_driver.o
                0x0000000008002662                LSM6DS3_ACC_GYRO_Get_GetFIFOData
 .text.LSM6DS3_ACC_GYRO_Get_GetStepCounter
                0x00000000080026fa       0x98 Core/Src/LSM6DS3_ACC_GYRO_driver.o
                0x00000000080026fa                LSM6DS3_ACC_GYRO_Get_GetStepCounter
 .text.LSM6DS3_ACC_GYRO_W_PedoThreshold
                0x0000000008002792       0x74 Core/Src/LSM6DS3_ACC_GYRO_driver.o
                0x0000000008002792                LSM6DS3_ACC_GYRO_W_PedoThreshold
 *fill*         0x0000000008002806        0x2 
 .text.LSM6DS3_X_Init
                0x0000000008002808       0xc4 Core/Src/LSM6DS3_ACC_GYRO_driver_HL.o
 .text.LSM6DS3_X_DeInit
                0x00000000080028cc       0xcc Core/Src/LSM6DS3_ACC_GYRO_driver_HL.o
 .text.LSM6DS3_X_Sensor_Enable
                0x0000000008002998       0x48 Core/Src/LSM6DS3_ACC_GYRO_driver_HL.o
 .text.LSM6DS3_X_Sensor_Disable
                0x00000000080029e0       0x58 Core/Src/LSM6DS3_ACC_GYRO_driver_HL.o
 .text.LSM6DS3_X_Get_WhoAmI
                0x0000000008002a38       0x20 Core/Src/LSM6DS3_ACC_GYRO_driver_HL.o
 .text.LSM6DS3_X_Check_WhoAmI
                0x0000000008002a58       0x1a Core/Src/LSM6DS3_ACC_GYRO_driver_HL.o
 .text.LSM6DS3_X_Get_Axes
                0x0000000008002a72       0xbc Core/Src/LSM6DS3_ACC_GYRO_driver_HL.o
 .text.LSM6DS3_X_Get_AxesRaw
                0x0000000008002b2e       0x4c Core/Src/LSM6DS3_ACC_GYRO_driver_HL.o
 *fill*         0x0000000008002b7a        0x2 
 .text.LSM6DS3_X_Get_Sensitivity
                0x0000000008002b7c       0x84 Core/Src/LSM6DS3_ACC_GYRO_driver_HL.o
 .text.LSM6DS3_X_Get_ODR
                0x0000000008002c00       0xf8 Core/Src/LSM6DS3_ACC_GYRO_driver_HL.o
 .text.LSM6DS3_X_Set_ODR
                0x0000000008002cf8       0x50 Core/Src/LSM6DS3_ACC_GYRO_driver_HL.o
 .text.LSM6DS3_X_Set_ODR_Value
                0x0000000008002d48       0x48 Core/Src/LSM6DS3_ACC_GYRO_driver_HL.o
 .text.LSM6DS3_X_Get_FS
                0x0000000008002d90       0x7c Core/Src/LSM6DS3_ACC_GYRO_driver_HL.o
 .text.LSM6DS3_X_Set_FS
                0x0000000008002e0c       0x62 Core/Src/LSM6DS3_ACC_GYRO_driver_HL.o
 .text.LSM6DS3_X_Set_FS_Value
                0x0000000008002e6e       0x68 Core/Src/LSM6DS3_ACC_GYRO_driver_HL.o
 .text.LSM6DS3_X_Get_Axes_Status
                0x0000000008002ed6       0x92 Core/Src/LSM6DS3_ACC_GYRO_driver_HL.o
 .text.LSM6DS3_X_Set_Axes_Status
                0x0000000008002f68       0x78 Core/Src/LSM6DS3_ACC_GYRO_driver_HL.o
 .text.LSM6DS3_X_Read_Reg
                0x0000000008002fe0       0x34 Core/Src/LSM6DS3_ACC_GYRO_driver_HL.o
 .text.LSM6DS3_X_Write_Reg
                0x0000000008003014       0x3c Core/Src/LSM6DS3_ACC_GYRO_driver_HL.o
 .text.LSM6DS3_X_Get_DRDY_Status
                0x0000000008003050       0x4c Core/Src/LSM6DS3_ACC_GYRO_driver_HL.o
 .text.LSM6DS3_Get_WhoAmI
                0x000000000800309c       0x28 Core/Src/LSM6DS3_ACC_GYRO_driver_HL.o
 .text.LSM6DS3_Check_WhoAmI
                0x00000000080030c4       0x42 Core/Src/LSM6DS3_ACC_GYRO_driver_HL.o
 .text.LSM6DS3_Read_Reg
                0x0000000008003106       0x32 Core/Src/LSM6DS3_ACC_GYRO_driver_HL.o
 .text.LSM6DS3_Write_Reg
                0x0000000008003138       0x38 Core/Src/LSM6DS3_ACC_GYRO_driver_HL.o
 .text.LSM6DS3_Set_Interrupt_Latch
                0x0000000008003170       0x3e Core/Src/LSM6DS3_ACC_GYRO_driver_HL.o
 .text.LSM6DS3_X_Get_Axes_Raw
                0x00000000080031ae       0x8c Core/Src/LSM6DS3_ACC_GYRO_driver_HL.o
 *fill*         0x000000000800323a        0x2 
 .text.LSM6DS3_X_Set_ODR_When_Enabled
                0x000000000800323c       0x7c Core/Src/LSM6DS3_ACC_GYRO_driver_HL.o
 .text.LSM6DS3_X_Set_ODR_When_Disabled
                0x00000000080032b8       0x78 Core/Src/LSM6DS3_ACC_GYRO_driver_HL.o
 .text.LSM6DS3_X_Set_ODR_Value_When_Enabled
                0x0000000008003330       0xe8 Core/Src/LSM6DS3_ACC_GYRO_driver_HL.o
 .text.LSM6DS3_X_Set_ODR_Value_When_Disabled
                0x0000000008003418       0xe0 Core/Src/LSM6DS3_ACC_GYRO_driver_HL.o
 .text.LSM6DS3_X_Enable_Free_Fall_Detection
                0x00000000080034f8       0xdc Core/Src/LSM6DS3_ACC_GYRO_driver_HL.o
 .text.LSM6DS3_X_Disable_Free_Fall_Detection
                0x00000000080035d4       0x5a Core/Src/LSM6DS3_ACC_GYRO_driver_HL.o
 .text.LSM6DS3_X_Get_Free_Fall_Detection_Status
                0x000000000800362e       0x4c Core/Src/LSM6DS3_ACC_GYRO_driver_HL.o
 .text.LSM6DS3_X_Set_Free_Fall_Threshold
                0x000000000800367a       0x2e Core/Src/LSM6DS3_ACC_GYRO_driver_HL.o
 .text.LSM6DS3_X_Enable_Pedometer
                0x00000000080036a8       0x88 Core/Src/LSM6DS3_ACC_GYRO_driver_HL.o
 .text.LSM6DS3_X_Disable_Pedometer
                0x0000000008003730       0x5c Core/Src/LSM6DS3_ACC_GYRO_driver_HL.o
 .text.LSM6DS3_X_Get_Pedometer_Status
                0x000000000800378c       0x4c Core/Src/LSM6DS3_ACC_GYRO_driver_HL.o
 .text.LSM6DS3_X_Get_Step_Count
                0x00000000080037d8       0x28 Core/Src/LSM6DS3_ACC_GYRO_driver_HL.o
 .text.LSM6DS3_X_Enable_Step_Counter_Reset
                0x0000000008003800       0x24 Core/Src/LSM6DS3_ACC_GYRO_driver_HL.o
 .text.LSM6DS3_X_Disable_Step_Counter_Reset
                0x0000000008003824       0x24 Core/Src/LSM6DS3_ACC_GYRO_driver_HL.o
 .text.LSM6DS3_X_Set_Pedometer_Threshold
                0x0000000008003848       0x2e Core/Src/LSM6DS3_ACC_GYRO_driver_HL.o
 *fill*         0x0000000008003876        0x2 
 .text.LSM6DS3_X_Enable_Tilt_Detection
                0x0000000008003878       0xa4 Core/Src/LSM6DS3_ACC_GYRO_driver_HL.o
 .text.LSM6DS3_X_Disable_Tilt_Detection
                0x000000000800391c       0x5a Core/Src/LSM6DS3_ACC_GYRO_driver_HL.o
 .text.LSM6DS3_X_Get_Tilt_Detection_Status
                0x0000000008003976       0x4c Core/Src/LSM6DS3_ACC_GYRO_driver_HL.o
 *fill*         0x00000000080039c2        0x2 
 .text.LSM6DS3_X_Enable_Wake_Up_Detection
                0x00000000080039c4       0xa4 Core/Src/LSM6DS3_ACC_GYRO_driver_HL.o
 .text.LSM6DS3_X_Disable_Wake_Up_Detection
                0x0000000008003a68       0x5a Core/Src/LSM6DS3_ACC_GYRO_driver_HL.o
 .text.LSM6DS3_X_Get_Wake_Up_Detection_Status
                0x0000000008003ac2       0x4c Core/Src/LSM6DS3_ACC_GYRO_driver_HL.o
 .text.LSM6DS3_X_Set_Wake_Up_Threshold
                0x0000000008003b0e       0x2e Core/Src/LSM6DS3_ACC_GYRO_driver_HL.o
 .text.LSM6DS3_X_Enable_Single_Tap_Detection
                0x0000000008003b3c       0xf4 Core/Src/LSM6DS3_ACC_GYRO_driver_HL.o
 .text.LSM6DS3_X_Disable_Single_Tap_Detection
                0x0000000008003c30       0xa8 Core/Src/LSM6DS3_ACC_GYRO_driver_HL.o
 .text.LSM6DS3_X_Get_Single_Tap_Detection_Status
                0x0000000008003cd8       0x4c Core/Src/LSM6DS3_ACC_GYRO_driver_HL.o
 .text.LSM6DS3_X_Enable_Double_Tap_Detection
                0x0000000008003d24      0x118 Core/Src/LSM6DS3_ACC_GYRO_driver_HL.o
 .text.LSM6DS3_X_Disable_Double_Tap_Detection
                0x0000000008003e3c       0xce Core/Src/LSM6DS3_ACC_GYRO_driver_HL.o
 .text.LSM6DS3_X_Get_Double_Tap_Detection_Status
                0x0000000008003f0a       0x4c Core/Src/LSM6DS3_ACC_GYRO_driver_HL.o
 .text.LSM6DS3_X_Set_Tap_Threshold
                0x0000000008003f56       0x2e Core/Src/LSM6DS3_ACC_GYRO_driver_HL.o
 .text.LSM6DS3_X_Set_Tap_Shock_Time
                0x0000000008003f84       0x2e Core/Src/LSM6DS3_ACC_GYRO_driver_HL.o
 .text.LSM6DS3_X_Set_Tap_Quiet_Time
                0x0000000008003fb2       0x2e Core/Src/LSM6DS3_ACC_GYRO_driver_HL.o
 .text.LSM6DS3_X_Set_Tap_Duration_Time
                0x0000000008003fe0       0x2e Core/Src/LSM6DS3_ACC_GYRO_driver_HL.o
 *fill*         0x000000000800400e        0x2 
 .text.LSM6DS3_X_Enable_6D_Orientation
                0x0000000008004010       0x94 Core/Src/LSM6DS3_ACC_GYRO_driver_HL.o
 .text.LSM6DS3_X_Disable_6D_Orientation
                0x00000000080040a4       0x48 Core/Src/LSM6DS3_ACC_GYRO_driver_HL.o
 .text.LSM6DS3_X_Get_6D_Orientation_Status
                0x00000000080040ec       0x4c Core/Src/LSM6DS3_ACC_GYRO_driver_HL.o
 .text.LSM6DS3_X_Get_6D_Orientation_XL
                0x0000000008004138       0x4c Core/Src/LSM6DS3_ACC_GYRO_driver_HL.o
 .text.LSM6DS3_X_Get_6D_Orientation_XH
                0x0000000008004184       0x4c Core/Src/LSM6DS3_ACC_GYRO_driver_HL.o
 .text.LSM6DS3_X_Get_6D_Orientation_YL
                0x00000000080041d0       0x4c Core/Src/LSM6DS3_ACC_GYRO_driver_HL.o
 .text.LSM6DS3_X_Get_6D_Orientation_YH
                0x000000000800421c       0x4c Core/Src/LSM6DS3_ACC_GYRO_driver_HL.o
 .text.LSM6DS3_X_Get_6D_Orientation_ZL
                0x0000000008004268       0x4c Core/Src/LSM6DS3_ACC_GYRO_driver_HL.o
 .text.LSM6DS3_X_Get_6D_Orientation_ZH
                0x00000000080042b4       0x4c Core/Src/LSM6DS3_ACC_GYRO_driver_HL.o
 .text.LSM6DS3_X_Get_Event_Status
                0x0000000008004300      0x25a Core/Src/LSM6DS3_ACC_GYRO_driver_HL.o
 *fill*         0x000000000800455a        0x2 
 .text.LSM6DS3_FIFO_Set_ODR_Value
                0x000000000800455c       0xe8 Core/Src/LSM6DS3_ACC_GYRO_driver_HL.o
 .text.LSM6DS3_FIFO_Get_Full_Status
                0x0000000008004644       0x4e Core/Src/LSM6DS3_ACC_GYRO_driver_HL.o
 .text.LSM6DS3_FIFO_Get_Empty_Status
                0x0000000008004692       0x4e Core/Src/LSM6DS3_ACC_GYRO_driver_HL.o
 .text.LSM6DS3_FIFO_Get_Overrun_Status
                0x00000000080046e0       0x4e Core/Src/LSM6DS3_ACC_GYRO_driver_HL.o
 .text.LSM6DS3_FIFO_Get_Pattern
                0x000000000800472e       0x28 Core/Src/LSM6DS3_ACC_GYRO_driver_HL.o
 .text.LSM6DS3_FIFO_Get_Data
                0x0000000008004756       0x28 Core/Src/LSM6DS3_ACC_GYRO_driver_HL.o
 .text.LSM6DS3_FIFO_Get_Num_Of_Samples
                0x000000000800477e       0x28 Core/Src/LSM6DS3_ACC_GYRO_driver_HL.o
 .text.LSM6DS3_FIFO_X_Set_Decimation
                0x00000000080047a6       0x3e Core/Src/LSM6DS3_ACC_GYRO_driver_HL.o
 .text.LSM6DS3_FIFO_X_Get_Axis
                0x00000000080047e4       0x90 Core/Src/LSM6DS3_ACC_GYRO_driver_HL.o
 .text.LSM6DS3_FIFO_Set_Mode
                0x0000000008004874       0x4c Core/Src/LSM6DS3_ACC_GYRO_driver_HL.o
 .text.LSM6DS3_FIFO_Set_INT1_FIFO_Full
                0x00000000080048c0       0x40 Core/Src/LSM6DS3_ACC_GYRO_driver_HL.o
 .text.LSM6DS3_FIFO_Set_Watermark_Level
                0x0000000008004900       0x2e Core/Src/LSM6DS3_ACC_GYRO_driver_HL.o
 .text.LSM6DS3_FIFO_Set_Stop_On_Fth
                0x000000000800492e       0x3e Core/Src/LSM6DS3_ACC_GYRO_driver_HL.o
 .text.LSM6DS3_X_Set_Interrupt_Latch
                0x000000000800496c       0x26 Core/Src/LSM6DS3_ACC_GYRO_driver_HL.o
 .text.LSM6DS3_X_Set_SelfTest
                0x0000000008004992       0x3e Core/Src/LSM6DS3_ACC_GYRO_driver_HL.o
 .text.Sensor_IO_Write
                0x00000000080049d0       0x4c Core/Src/main.o
                0x00000000080049d0                Sensor_IO_Write
 .text.Sensor_IO_Read
                0x0000000008004a1c       0x50 Core/Src/main.o
                0x0000000008004a1c                Sensor_IO_Read
 .text.main     0x0000000008004a6c       0xa8 Core/Src/main.o
                0x0000000008004a6c                main
 .text.SystemClock_Config
                0x0000000008004b14       0xbe Core/Src/main.o
                0x0000000008004b14                SystemClock_Config
 *fill*         0x0000000008004bd2        0x2 
 .text.MX_I2C2_Init
                0x0000000008004bd4       0x80 Core/Src/main.o
 .text.MX_USART2_UART_Init
                0x0000000008004c54       0x9c Core/Src/main.o
 .text.MX_GPIO_Init
                0x0000000008004cf0      0x154 Core/Src/main.o
 .text.initializeAllSensors
                0x0000000008004e44       0x1c Core/Src/main.o
 .text.enableAllSensors
                0x0000000008004e60       0x1c Core/Src/main.o
 .text.BSP_ACCELERO_Init
                0x0000000008004e7c       0x26 Core/Src/main.o
                0x0000000008004e7c                BSP_ACCELERO_Init
 *fill*         0x0000000008004ea2        0x2 
 .text.BSP_LSM6DS3_ACCELERO_Init
                0x0000000008004ea4       0xd8 Core/Src/main.o
 .text.DIL24_Sensor_IO_ITConfig
                0x0000000008004f7c       0xbc Core/Src/main.o
                0x0000000008004f7c                DIL24_Sensor_IO_ITConfig
 .text.BSP_ACCELERO_Sensor_Enable
                0x0000000008005038       0x4a Core/Src/main.o
                0x0000000008005038                BSP_ACCELERO_Sensor_Enable
 .text.BSP_ACCELERO_Enable_6D_Orientation_Ext
                0x0000000008005082       0x5e Core/Src/main.o
                0x0000000008005082                BSP_ACCELERO_Enable_6D_Orientation_Ext
 .text.BSP_ACCELERO_Get_Instance
                0x00000000080050e0       0x34 Core/Src/main.o
                0x00000000080050e0                BSP_ACCELERO_Get_Instance
 .text.BSP_ACCELERO_Get_6D_Orientation_XL_Ext
                0x0000000008005114       0x62 Core/Src/main.o
                0x0000000008005114                BSP_ACCELERO_Get_6D_Orientation_XL_Ext
 .text.BSP_ACCELERO_Get_6D_Orientation_XH_Ext
                0x0000000008005176       0x66 Core/Src/main.o
                0x0000000008005176                BSP_ACCELERO_Get_6D_Orientation_XH_Ext
 .text.BSP_ACCELERO_Get_6D_Orientation_YL_Ext
                0x00000000080051dc       0x66 Core/Src/main.o
                0x00000000080051dc                BSP_ACCELERO_Get_6D_Orientation_YL_Ext
 .text.BSP_ACCELERO_Get_6D_Orientation_YH_Ext
                0x0000000008005242       0x66 Core/Src/main.o
                0x0000000008005242                BSP_ACCELERO_Get_6D_Orientation_YH_Ext
 .text.BSP_ACCELERO_Get_6D_Orientation_ZL_Ext
                0x00000000080052a8       0x66 Core/Src/main.o
                0x00000000080052a8                BSP_ACCELERO_Get_6D_Orientation_ZL_Ext
 .text.BSP_ACCELERO_Get_6D_Orientation_ZH_Ext
                0x000000000800530e       0x66 Core/Src/main.o
                0x000000000800530e                BSP_ACCELERO_Get_6D_Orientation_ZH_Ext
 .text.sendOrientation
                0x0000000008005374      0x3d0 Core/Src/main.o
 .text.BSP_ACCELERO_Get_Event_Status_Ext
                0x0000000008005744       0x66 Core/Src/main.o
                0x0000000008005744                BSP_ACCELERO_Get_Event_Status_Ext
 *fill*         0x00000000080057aa        0x2 
 .text.HAL_GPIO_EXTI_Falling_Callback
                0x00000000080057ac       0x2c Core/Src/main.o
                0x00000000080057ac                HAL_GPIO_EXTI_Falling_Callback
 .text.HAL_GPIO_EXTI_Rising_Callback
                0x00000000080057d8       0x2c Core/Src/main.o
                0x00000000080057d8                HAL_GPIO_EXTI_Rising_Callback
 .text.Error_Handler
                0x0000000008005804        0xa Core/Src/main.o
                0x0000000008005804                Error_Handler
 *fill*         0x000000000800580e        0x2 
 .text.LL_SYSCFG_DisableDBATT
                0x0000000008005810       0x20 Core/Src/stm32g0xx_hal_msp.o
 .text.HAL_MspInit
                0x0000000008005830       0x50 Core/Src/stm32g0xx_hal_msp.o
                0x0000000008005830                HAL_MspInit
 .text.HAL_I2C_MspInit
                0x0000000008005880       0x98 Core/Src/stm32g0xx_hal_msp.o
                0x0000000008005880                HAL_I2C_MspInit
 .text.HAL_UART_MspInit
                0x0000000008005918       0x94 Core/Src/stm32g0xx_hal_msp.o
                0x0000000008005918                HAL_UART_MspInit
 .text.NMI_Handler
                0x00000000080059ac        0xa Core/Src/stm32g0xx_it.o
                0x00000000080059ac                NMI_Handler
 .text.HardFault_Handler
                0x00000000080059b6        0x6 Core/Src/stm32g0xx_it.o
                0x00000000080059b6                HardFault_Handler
 .text.SVC_Handler
                0x00000000080059bc        0xa Core/Src/stm32g0xx_it.o
                0x00000000080059bc                SVC_Handler
 .text.PendSV_Handler
                0x00000000080059c6        0xa Core/Src/stm32g0xx_it.o
                0x00000000080059c6                PendSV_Handler
 .text.SysTick_Handler
                0x00000000080059d0        0xe Core/Src/stm32g0xx_it.o
                0x00000000080059d0                SysTick_Handler
 .text.EXTI4_15_IRQHandler
                0x00000000080059de       0x28 Core/Src/stm32g0xx_it.o
                0x00000000080059de                EXTI4_15_IRQHandler
 *fill*         0x0000000008005a06        0x2 
 .text._sbrk    0x0000000008005a08       0x58 Core/Src/sysmem.o
                0x0000000008005a08                _sbrk
 .text.SystemInit
                0x0000000008005a60       0x18 Core/Src/system_stm32g0xx.o
                0x0000000008005a60                SystemInit
 .text.Reset_Handler
                0x0000000008005a78       0x50 Core/Startup/startup_stm32g071rbtx.o
                0x0000000008005a78                Reset_Handler
 .text.Default_Handler
                0x0000000008005ac8        0x2 Core/Startup/startup_stm32g071rbtx.o
                0x0000000008005ac8                USART3_4_LPUART1_IRQHandler
                0x0000000008005ac8                TIM1_CC_IRQHandler
                0x0000000008005ac8                ADC1_COMP_IRQHandler
                0x0000000008005ac8                PVD_IRQHandler
                0x0000000008005ac8                I2C1_IRQHandler
                0x0000000008005ac8                TIM7_LPTIM2_IRQHandler
                0x0000000008005ac8                RTC_TAMP_IRQHandler
                0x0000000008005ac8                SPI1_IRQHandler
                0x0000000008005ac8                EXTI2_3_IRQHandler
                0x0000000008005ac8                I2C2_IRQHandler
                0x0000000008005ac8                TIM17_IRQHandler
                0x0000000008005ac8                TIM16_IRQHandler
                0x0000000008005ac8                TIM3_IRQHandler
                0x0000000008005ac8                RCC_IRQHandler
                0x0000000008005ac8                DMA1_Channel1_IRQHandler
                0x0000000008005ac8                Default_Handler
                0x0000000008005ac8                CEC_IRQHandler
                0x0000000008005ac8                TIM14_IRQHandler
                0x0000000008005ac8                TIM15_IRQHandler
                0x0000000008005ac8                EXTI0_1_IRQHandler
                0x0000000008005ac8                SPI2_IRQHandler
                0x0000000008005ac8                TIM6_DAC_LPTIM1_IRQHandler
                0x0000000008005ac8                WWDG_IRQHandler
                0x0000000008005ac8                TIM2_IRQHandler
                0x0000000008005ac8                DMA1_Ch4_7_DMAMUX1_OVR_IRQHandler
                0x0000000008005ac8                DMA1_Channel2_3_IRQHandler
                0x0000000008005ac8                UCPD1_2_IRQHandler
                0x0000000008005ac8                USART2_IRQHandler
                0x0000000008005ac8                FLASH_IRQHandler
                0x0000000008005ac8                USART1_IRQHandler
                0x0000000008005ac8                TIM1_BRK_UP_TRG_COM_IRQHandler
 *fill*         0x0000000008005aca        0x2 
 .text.HAL_Init
                0x0000000008005acc       0x40 Drivers/STM32G0xx_HAL_Driver/Src/stm32g0xx_hal.o
                0x0000000008005acc                HAL_Init
 .text.HAL_InitTick
                0x0000000008005b0c       0x94 Drivers/STM32G0xx_HAL_Driver/Src/stm32g0xx_hal.o
                0x0000000008005b0c                HAL_InitTick
 .text.HAL_IncTick
                0x0000000008005ba0       0x20 Drivers/STM32G0xx_HAL_Driver/Src/stm32g0xx_hal.o
                0x0000000008005ba0                HAL_IncTick
 .text.HAL_GetTick
                0x0000000008005bc0       0x14 Drivers/STM32G0xx_HAL_Driver/Src/stm32g0xx_hal.o
                0x0000000008005bc0                HAL_GetTick
 .text.HAL_Delay
                0x0000000008005bd4       0x44 Drivers/STM32G0xx_HAL_Driver/Src/stm32g0xx_hal.o
                0x0000000008005bd4                HAL_Delay
 .text.__NVIC_EnableIRQ
                0x0000000008005c18       0x34 Drivers/STM32G0xx_HAL_Driver/Src/stm32g0xx_hal_cortex.o
 .text.__NVIC_SetPriority
                0x0000000008005c4c       0xdc Drivers/STM32G0xx_HAL_Driver/Src/stm32g0xx_hal_cortex.o
 .text.SysTick_Config
                0x0000000008005d28       0x48 Drivers/STM32G0xx_HAL_Driver/Src/stm32g0xx_hal_cortex.o
 .text.HAL_NVIC_SetPriority
                0x0000000008005d70       0x2a Drivers/STM32G0xx_HAL_Driver/Src/stm32g0xx_hal_cortex.o
                0x0000000008005d70                HAL_NVIC_SetPriority
 .text.HAL_NVIC_EnableIRQ
                0x0000000008005d9a       0x20 Drivers/STM32G0xx_HAL_Driver/Src/stm32g0xx_hal_cortex.o
                0x0000000008005d9a                HAL_NVIC_EnableIRQ
 .text.HAL_SYSTICK_Config
                0x0000000008005dba       0x1a Drivers/STM32G0xx_HAL_Driver/Src/stm32g0xx_hal_cortex.o
                0x0000000008005dba                HAL_SYSTICK_Config
 .text.HAL_GPIO_Init
                0x0000000008005dd4      0x2c8 Drivers/STM32G0xx_HAL_Driver/Src/stm32g0xx_hal_gpio.o
                0x0000000008005dd4                HAL_GPIO_Init
 .text.HAL_GPIO_WritePin
                0x000000000800609c       0x3a Drivers/STM32G0xx_HAL_Driver/Src/stm32g0xx_hal_gpio.o
                0x000000000800609c                HAL_GPIO_WritePin
 .text.HAL_GPIO_TogglePin
                0x00000000080060d6       0x34 Drivers/STM32G0xx_HAL_Driver/Src/stm32g0xx_hal_gpio.o
                0x00000000080060d6                HAL_GPIO_TogglePin
 *fill*         0x000000000800610a        0x2 
 .text.HAL_GPIO_EXTI_IRQHandler
                0x000000000800610c       0x54 Drivers/STM32G0xx_HAL_Driver/Src/stm32g0xx_hal_gpio.o
                0x000000000800610c                HAL_GPIO_EXTI_IRQHandler
 .text.HAL_I2C_Init
                0x0000000008006160      0x12c Drivers/STM32G0xx_HAL_Driver/Src/stm32g0xx_hal_i2c.o
                0x0000000008006160                HAL_I2C_Init
 .text.HAL_I2C_Mem_Write
                0x000000000800628c      0x25c Drivers/STM32G0xx_HAL_Driver/Src/stm32g0xx_hal_i2c.o
                0x000000000800628c                HAL_I2C_Mem_Write
 .text.HAL_I2C_Mem_Read
                0x00000000080064e8      0x268 Drivers/STM32G0xx_HAL_Driver/Src/stm32g0xx_hal_i2c.o
                0x00000000080064e8                HAL_I2C_Mem_Read
 .text.I2C_RequestMemoryWrite
                0x0000000008006750       0xc8 Drivers/STM32G0xx_HAL_Driver/Src/stm32g0xx_hal_i2c.o
 .text.I2C_RequestMemoryRead
                0x0000000008006818       0xc4 Drivers/STM32G0xx_HAL_Driver/Src/stm32g0xx_hal_i2c.o
 .text.I2C_Flush_TXDR
                0x00000000080068dc       0x44 Drivers/STM32G0xx_HAL_Driver/Src/stm32g0xx_hal_i2c.o
 .text.I2C_WaitOnFlagUntilTimeout
                0x0000000008006920       0x7e Drivers/STM32G0xx_HAL_Driver/Src/stm32g0xx_hal_i2c.o
 .text.I2C_WaitOnTXISFlagUntilTimeout
                0x000000000800699e       0x7e Drivers/STM32G0xx_HAL_Driver/Src/stm32g0xx_hal_i2c.o
 .text.I2C_WaitOnSTOPFlagUntilTimeout
                0x0000000008006a1c       0x78 Drivers/STM32G0xx_HAL_Driver/Src/stm32g0xx_hal_i2c.o
 .text.I2C_IsAcknowledgeFailed
                0x0000000008006a94       0xcc Drivers/STM32G0xx_HAL_Driver/Src/stm32g0xx_hal_i2c.o
 .text.I2C_TransferConfig
                0x0000000008006b60       0x6c Drivers/STM32G0xx_HAL_Driver/Src/stm32g0xx_hal_i2c.o
 .text.HAL_I2CEx_ConfigAnalogFilter
                0x0000000008006bcc       0x98 Drivers/STM32G0xx_HAL_Driver/Src/stm32g0xx_hal_i2c_ex.o
                0x0000000008006bcc                HAL_I2CEx_ConfigAnalogFilter
 .text.HAL_I2CEx_ConfigDigitalFilter
                0x0000000008006c64       0x98 Drivers/STM32G0xx_HAL_Driver/Src/stm32g0xx_hal_i2c_ex.o
                0x0000000008006c64                HAL_I2CEx_ConfigDigitalFilter
 .text.HAL_PWREx_ControlVoltageScaling
                0x0000000008006cfc       0x80 Drivers/STM32G0xx_HAL_Driver/Src/stm32g0xx_hal_pwr_ex.o
                0x0000000008006cfc                HAL_PWREx_ControlVoltageScaling
 .text.LL_RCC_GetAPB1Prescaler
                0x0000000008006d7c       0x18 Drivers/STM32G0xx_HAL_Driver/Src/stm32g0xx_hal_rcc.o
 .text.HAL_RCC_OscConfig
                0x0000000008006d94      0x640 Drivers/STM32G0xx_HAL_Driver/Src/stm32g0xx_hal_rcc.o
                0x0000000008006d94                HAL_RCC_OscConfig
 .text.HAL_RCC_ClockConfig
                0x00000000080073d4      0x210 Drivers/STM32G0xx_HAL_Driver/Src/stm32g0xx_hal_rcc.o
                0x00000000080073d4                HAL_RCC_ClockConfig
 .text.HAL_RCC_GetSysClockFreq
                0x00000000080075e4      0x104 Drivers/STM32G0xx_HAL_Driver/Src/stm32g0xx_hal_rcc.o
                0x00000000080075e4                HAL_RCC_GetSysClockFreq
 .text.HAL_RCC_GetHCLKFreq
                0x00000000080076e8       0x14 Drivers/STM32G0xx_HAL_Driver/Src/stm32g0xx_hal_rcc.o
                0x00000000080076e8                HAL_RCC_GetHCLKFreq
 .text.HAL_RCC_GetPCLK1Freq
                0x00000000080076fc       0x2c Drivers/STM32G0xx_HAL_Driver/Src/stm32g0xx_hal_rcc.o
                0x00000000080076fc                HAL_RCC_GetPCLK1Freq
 .text.HAL_RCCEx_PeriphCLKConfig
                0x0000000008007728      0x370 Drivers/STM32G0xx_HAL_Driver/Src/stm32g0xx_hal_rcc_ex.o
                0x0000000008007728                HAL_RCCEx_PeriphCLKConfig
 .text.HAL_UART_Init
                0x0000000008007a98       0xac Drivers/STM32G0xx_HAL_Driver/Src/stm32g0xx_hal_uart.o
                0x0000000008007a98                HAL_UART_Init
 .text.HAL_UART_Transmit
                0x0000000008007b44      0x156 Drivers/STM32G0xx_HAL_Driver/Src/stm32g0xx_hal_uart.o
                0x0000000008007b44                HAL_UART_Transmit
 *fill*         0x0000000008007c9a        0x2 
 .text.UART_SetConfig
                0x0000000008007c9c     0x11e8 Drivers/STM32G0xx_HAL_Driver/Src/stm32g0xx_hal_uart.o
                0x0000000008007c9c                UART_SetConfig
 .text.UART_AdvFeatureConfig
                0x0000000008008e84      0x168 Drivers/STM32G0xx_HAL_Driver/Src/stm32g0xx_hal_uart.o
                0x0000000008008e84                UART_AdvFeatureConfig
 .text.UART_CheckIdleState
                0x0000000008008fec       0x94 Drivers/STM32G0xx_HAL_Driver/Src/stm32g0xx_hal_uart.o
                0x0000000008008fec                UART_CheckIdleState
 .text.UART_WaitOnFlagUntilTimeout
                0x0000000008009080       0x98 Drivers/STM32G0xx_HAL_Driver/Src/stm32g0xx_hal_uart.o
                0x0000000008009080                UART_WaitOnFlagUntilTimeout
 .text.HAL_UARTEx_DisableFifoMode
                0x0000000008009118       0x74 Drivers/STM32G0xx_HAL_Driver/Src/stm32g0xx_hal_uart_ex.o
                0x0000000008009118                HAL_UARTEx_DisableFifoMode
 .text.HAL_UARTEx_SetTxFifoThreshold
                0x000000000800918c       0x7e Drivers/STM32G0xx_HAL_Driver/Src/stm32g0xx_hal_uart_ex.o
                0x000000000800918c                HAL_UARTEx_SetTxFifoThreshold
 *fill*         0x000000000800920a        0x2 
 .text.HAL_UARTEx_SetRxFifoThreshold
                0x000000000800920c       0x84 Drivers/STM32G0xx_HAL_Driver/Src/stm32g0xx_hal_uart_ex.o
                0x000000000800920c                HAL_UARTEx_SetRxFifoThreshold
 .text.UARTEx_SetNbDataToProcess
                0x0000000008009290       0xd4 Drivers/STM32G0xx_HAL_Driver/Src/stm32g0xx_hal_uart_ex.o
 .text.__errno  0x0000000008009364        0xc d:/program files/st/stm32cubeide_1.1.0/stm32cubeide/plugins/com.st.stm32cube.ide.mcu.externaltools.gnu-tools-for-stm32.7-2018-q2-update.win32_1.0.0.201904181610/tools/bin/../lib/gcc/arm-none-eabi/7.3.1/../../../../arm-none-eabi/lib/thumb/v6-m\libc_nano.a(lib_a-errno.o)
                0x0000000008009364                __errno
 .text.__libc_init_array
                0x0000000008009370       0x48 d:/program files/st/stm32cubeide_1.1.0/stm32cubeide/plugins/com.st.stm32cube.ide.mcu.externaltools.gnu-tools-for-stm32.7-2018-q2-update.win32_1.0.0.201904181610/tools/bin/../lib/gcc/arm-none-eabi/7.3.1/../../../../arm-none-eabi/lib/thumb/v6-m\libc_nano.a(lib_a-init.o)
                0x0000000008009370                __libc_init_array
 .text.memcpy   0x00000000080093b8       0x12 d:/program files/st/stm32cubeide_1.1.0/stm32cubeide/plugins/com.st.stm32cube.ide.mcu.externaltools.gnu-tools-for-stm32.7-2018-q2-update.win32_1.0.0.201904181610/tools/bin/../lib/gcc/arm-none-eabi/7.3.1/../../../../arm-none-eabi/lib/thumb/v6-m\libc_nano.a(lib_a-memcpy-stub.o)
                0x00000000080093b8                memcpy
 .text.memset   0x00000000080093ca       0x10 d:/program files/st/stm32cubeide_1.1.0/stm32cubeide/plugins/com.st.stm32cube.ide.mcu.externaltools.gnu-tools-for-stm32.7-2018-q2-update.win32_1.0.0.201904181610/tools/bin/../lib/gcc/arm-none-eabi/7.3.1/../../../../arm-none-eabi/lib/thumb/v6-m\libc_nano.a(lib_a-memset.o)
                0x00000000080093ca                memset
 *fill*         0x00000000080093da        0x2 
 .text.snprintf
                0x00000000080093dc       0x64 d:/program files/st/stm32cubeide_1.1.0/stm32cubeide/plugins/com.st.stm32cube.ide.mcu.externaltools.gnu-tools-for-stm32.7-2018-q2-update.win32_1.0.0.201904181610/tools/bin/../lib/gcc/arm-none-eabi/7.3.1/../../../../arm-none-eabi/lib/thumb/v6-m\libc_nano.a(lib_a-snprintf.o)
                0x00000000080093dc                sniprintf
                0x00000000080093dc                snprintf
 .text.__ssputs_r
                0x0000000008009440       0xc4 d:/program files/st/stm32cubeide_1.1.0/stm32cubeide/plugins/com.st.stm32cube.ide.mcu.externaltools.gnu-tools-for-stm32.7-2018-q2-update.win32_1.0.0.201904181610/tools/bin/../lib/gcc/arm-none-eabi/7.3.1/../../../../arm-none-eabi/lib/thumb/v6-m\libc_nano.a(lib_a-nano-svfprintf.o)
                0x0000000008009440                __ssputs_r
 .text._svfprintf_r
                0x0000000008009504      0x1fc d:/program files/st/stm32cubeide_1.1.0/stm32cubeide/plugins/com.st.stm32cube.ide.mcu.externaltools.gnu-tools-for-stm32.7-2018-q2-update.win32_1.0.0.201904181610/tools/bin/../lib/gcc/arm-none-eabi/7.3.1/../../../../arm-none-eabi/lib/thumb/v6-m\libc_nano.a(lib_a-nano-svfprintf.o)
                0x0000000008009504                _svfiprintf_r
                0x0000000008009504                _svfprintf_r
 .text._printf_common
                0x0000000008009700       0xda d:/program files/st/stm32cubeide_1.1.0/stm32cubeide/plugins/com.st.stm32cube.ide.mcu.externaltools.gnu-tools-for-stm32.7-2018-q2-update.win32_1.0.0.201904181610/tools/bin/../lib/gcc/arm-none-eabi/7.3.1/../../../../arm-none-eabi/lib/thumb/v6-m\libc_nano.a(lib_a-nano-vfprintf_i.o)
                0x0000000008009700                _printf_common
 *fill*         0x00000000080097da        0x2 
 .text._printf_i
                0x00000000080097dc      0x210 d:/program files/st/stm32cubeide_1.1.0/stm32cubeide/plugins/com.st.stm32cube.ide.mcu.externaltools.gnu-tools-for-stm32.7-2018-q2-update.win32_1.0.0.201904181610/tools/bin/../lib/gcc/arm-none-eabi/7.3.1/../../../../arm-none-eabi/lib/thumb/v6-m\libc_nano.a(lib_a-nano-vfprintf_i.o)
                0x00000000080097dc                _printf_i
 .text.memchr   0x00000000080099ec       0x16 d:/program files/st/stm32cubeide_1.1.0/stm32cubeide/plugins/com.st.stm32cube.ide.mcu.externaltools.gnu-tools-for-stm32.7-2018-q2-update.win32_1.0.0.201904181610/tools/bin/../lib/gcc/arm-none-eabi/7.3.1/../../../../arm-none-eabi/lib/thumb/v6-m\libc_nano.a(lib_a-memchr-stub.o)
                0x00000000080099ec                memchr
 .text.memmove  0x0000000008009a02       0x26 d:/program files/st/stm32cubeide_1.1.0/stm32cubeide/plugins/com.st.stm32cube.ide.mcu.externaltools.gnu-tools-for-stm32.7-2018-q2-update.win32_1.0.0.201904181610/tools/bin/../lib/gcc/arm-none-eabi/7.3.1/../../../../arm-none-eabi/lib/thumb/v6-m\libc_nano.a(lib_a-memmove.o)
                0x0000000008009a02                memmove
 .text._free_r  0x0000000008009a28       0x94 d:/program files/st/stm32cubeide_1.1.0/stm32cubeide/plugins/com.st.stm32cube.ide.mcu.externaltools.gnu-tools-for-stm32.7-2018-q2-update.win32_1.0.0.201904181610/tools/bin/../lib/gcc/arm-none-eabi/7.3.1/../../../../arm-none-eabi/lib/thumb/v6-m\libc_nano.a(lib_a-nano-freer.o)
                0x0000000008009a28                _free_r
 .text._malloc_r
                0x0000000008009abc       0xbc d:/program files/st/stm32cubeide_1.1.0/stm32cubeide/plugins/com.st.stm32cube.ide.mcu.externaltools.gnu-tools-for-stm32.7-2018-q2-update.win32_1.0.0.201904181610/tools/bin/../lib/gcc/arm-none-eabi/7.3.1/../../../../arm-none-eabi/lib/thumb/v6-m\libc_nano.a(lib_a-nano-mallocr.o)
                0x0000000008009abc                _malloc_r
 .text._realloc_r
                0x0000000008009b78       0x4c d:/program files/st/stm32cubeide_1.1.0/stm32cubeide/plugins/com.st.stm32cube.ide.mcu.externaltools.gnu-tools-for-stm32.7-2018-q2-update.win32_1.0.0.201904181610/tools/bin/../lib/gcc/arm-none-eabi/7.3.1/../../../../arm-none-eabi/lib/thumb/v6-m\libc_nano.a(lib_a-nano-reallocr.o)
                0x0000000008009b78                _realloc_r
 .text._sbrk_r  0x0000000008009bc4       0x24 d:/program files/st/stm32cubeide_1.1.0/stm32cubeide/plugins/com.st.stm32cube.ide.mcu.externaltools.gnu-tools-for-stm32.7-2018-q2-update.win32_1.0.0.201904181610/tools/bin/../lib/gcc/arm-none-eabi/7.3.1/../../../../arm-none-eabi/lib/thumb/v6-m\libc_nano.a(lib_a-sbrkr.o)
                0x0000000008009bc4                _sbrk_r
 .text.__malloc_lock
                0x0000000008009be8        0x2 d:/program files/st/stm32cubeide_1.1.0/stm32cubeide/plugins/com.st.stm32cube.ide.mcu.externaltools.gnu-tools-for-stm32.7-2018-q2-update.win32_1.0.0.201904181610/tools/bin/../lib/gcc/arm-none-eabi/7.3.1/../../../../arm-none-eabi/lib/thumb/v6-m\libc_nano.a(lib_a-mlock.o)
                0x0000000008009be8                __malloc_lock
 .text.__malloc_unlock
                0x0000000008009bea        0x2 d:/program files/st/stm32cubeide_1.1.0/stm32cubeide/plugins/com.st.stm32cube.ide.mcu.externaltools.gnu-tools-for-stm32.7-2018-q2-update.win32_1.0.0.201904181610/tools/bin/../lib/gcc/arm-none-eabi/7.3.1/../../../../arm-none-eabi/lib/thumb/v6-m\libc_nano.a(lib_a-mlock.o)
                0x0000000008009bea                __malloc_unlock
 .text._malloc_usable_size_r
                0x0000000008009bec       0x10 d:/program files/st/stm32cubeide_1.1.0/stm32cubeide/plugins/com.st.stm32cube.ide.mcu.externaltools.gnu-tools-for-stm32.7-2018-q2-update.win32_1.0.0.201904181610/tools/bin/../lib/gcc/arm-none-eabi/7.3.1/../../../../arm-none-eabi/lib/thumb/v6-m\libc_nano.a(lib_a-nano-msizer.o)
                0x0000000008009bec                _malloc_usable_size_r
 *(.glue_7)
 .glue_7        0x0000000008009bfc        0x0 linker stubs
 *(.glue_7t)
 .glue_7t       0x0000000008009bfc        0x0 linker stubs
 *(.eh_frame)
 .eh_frame      0x0000000008009bfc        0x0 d:/program files/st/stm32cubeide_1.1.0/stm32cubeide/plugins/com.st.stm32cube.ide.mcu.externaltools.gnu-tools-for-stm32.7-2018-q2-update.win32_1.0.0.201904181610/tools/bin/../lib/gcc/arm-none-eabi/7.3.1/thumb/v6-m/crtbegin.o
 *(.init)
 .init          0x0000000008009bfc        0x4 d:/program files/st/stm32cubeide_1.1.0/stm32cubeide/plugins/com.st.stm32cube.ide.mcu.externaltools.gnu-tools-for-stm32.7-2018-q2-update.win32_1.0.0.201904181610/tools/bin/../lib/gcc/arm-none-eabi/7.3.1/thumb/v6-m/crti.o
                0x0000000008009bfc                _init
 .init          0x0000000008009c00        0x8 d:/program files/st/stm32cubeide_1.1.0/stm32cubeide/plugins/com.st.stm32cube.ide.mcu.externaltools.gnu-tools-for-stm32.7-2018-q2-update.win32_1.0.0.201904181610/tools/bin/../lib/gcc/arm-none-eabi/7.3.1/thumb/v6-m/crtn.o
 *(.fini)
 .fini          0x0000000008009c08        0x4 d:/program files/st/stm32cubeide_1.1.0/stm32cubeide/plugins/com.st.stm32cube.ide.mcu.externaltools.gnu-tools-for-stm32.7-2018-q2-update.win32_1.0.0.201904181610/tools/bin/../lib/gcc/arm-none-eabi/7.3.1/thumb/v6-m/crti.o
                0x0000000008009c08                _fini
 .fini          0x0000000008009c0c        0x8 d:/program files/st/stm32cubeide_1.1.0/stm32cubeide/plugins/com.st.stm32cube.ide.mcu.externaltools.gnu-tools-for-stm32.7-2018-q2-update.win32_1.0.0.201904181610/tools/bin/../lib/gcc/arm-none-eabi/7.3.1/thumb/v6-m/crtn.o
                0x0000000008009c14                . = ALIGN (0x4)
                0x0000000008009c14                _etext = .

.vfp11_veneer   0x0000000008009c14        0x0
 .vfp11_veneer  0x0000000008009c14        0x0 linker stubs

.v4_bx          0x0000000008009c14        0x0
 .v4_bx         0x0000000008009c14        0x0 linker stubs

.iplt           0x0000000008009c14        0x0
 .iplt          0x0000000008009c14        0x0 d:/program files/st/stm32cubeide_1.1.0/stm32cubeide/plugins/com.st.stm32cube.ide.mcu.externaltools.gnu-tools-for-stm32.7-2018-q2-update.win32_1.0.0.201904181610/tools/bin/../lib/gcc/arm-none-eabi/7.3.1/thumb/v6-m/crtbegin.o

.rodata         0x0000000008009c14      0x688
                0x0000000008009c14                . = ALIGN (0x4)
 *(.rodata)
 .rodata        0x0000000008009c14        0x3 Core/Src/LSM6DS3_ACC_GYRO_driver_HL.o
 *fill*         0x0000000008009c17        0x1 
 .rodata        0x0000000008009c18      0x559 Core/Src/main.o
 *fill*         0x000000000800a171        0x3 
 .rodata        0x000000000800a174       0x10 Drivers/STM32G0xx_HAL_Driver/Src/stm32g0xx_hal_uart_ex.o
 .rodata        0x000000000800a184       0x40 d:/program files/st/stm32cubeide_1.1.0/stm32cubeide/plugins/com.st.stm32cube.ide.mcu.externaltools.gnu-tools-for-stm32.7-2018-q2-update.win32_1.0.0.201904181610/tools/bin/../lib/gcc/arm-none-eabi/7.3.1/thumb/v6-m\libgcc.a(mulsf3.o)
 *(.rodata*)
 .rodata.LSM6DS3_X_Set_ODR_When_Enabled
                0x000000000800a1c4       0x14 Core/Src/LSM6DS3_ACC_GYRO_driver_HL.o
 .rodata.LSM6DS3_X_Set_ODR_When_Disabled
                0x000000000800a1d8       0x14 Core/Src/LSM6DS3_ACC_GYRO_driver_HL.o
 .rodata.LSM6DS3_FIFO_Set_Mode
                0x000000000800a1ec       0x1c Core/Src/LSM6DS3_ACC_GYRO_driver_HL.o
 .rodata.AHBPrescTable
                0x000000000800a208       0x40 Core/Src/system_stm32g0xx.o
                0x000000000800a208                AHBPrescTable
 .rodata.APBPrescTable
                0x000000000800a248       0x20 Core/Src/system_stm32g0xx.o
                0x000000000800a248                APBPrescTable
 .rodata._svfprintf_r.str1.1
                0x000000000800a268       0x11 d:/program files/st/stm32cubeide_1.1.0/stm32cubeide/plugins/com.st.stm32cube.ide.mcu.externaltools.gnu-tools-for-stm32.7-2018-q2-update.win32_1.0.0.201904181610/tools/bin/../lib/gcc/arm-none-eabi/7.3.1/../../../../arm-none-eabi/lib/thumb/v6-m\libc_nano.a(lib_a-nano-svfprintf.o)
 .rodata._printf_i.str1.1
                0x000000000800a279       0x22 d:/program files/st/stm32cubeide_1.1.0/stm32cubeide/plugins/com.st.stm32cube.ide.mcu.externaltools.gnu-tools-for-stm32.7-2018-q2-update.win32_1.0.0.201904181610/tools/bin/../lib/gcc/arm-none-eabi/7.3.1/../../../../arm-none-eabi/lib/thumb/v6-m\libc_nano.a(lib_a-nano-vfprintf_i.o)
                0x000000000800a29c                . = ALIGN (0x4)
 *fill*         0x000000000800a29b        0x1 

.ARM.extab      0x000000000800a29c        0x0
                0x000000000800a29c                . = ALIGN (0x4)
 *(.ARM.extab* .gnu.linkonce.armextab.*)
                0x000000000800a29c                . = ALIGN (0x4)

.ARM            0x000000000800a29c        0x8
                0x000000000800a29c                . = ALIGN (0x4)
                0x000000000800a29c                __exidx_start = .
 *(.ARM.exidx*)
 .ARM.exidx     0x000000000800a29c        0x8 d:/program files/st/stm32cubeide_1.1.0/stm32cubeide/plugins/com.st.stm32cube.ide.mcu.externaltools.gnu-tools-for-stm32.7-2018-q2-update.win32_1.0.0.201904181610/tools/bin/../lib/gcc/arm-none-eabi/7.3.1/thumb/v6-m\libgcc.a(_udivmoddi4.o)
                0x000000000800a2a4                __exidx_end = .
                0x000000000800a2a4                . = ALIGN (0x4)

.rel.dyn        0x000000000800a2a4        0x0
 .rel.iplt      0x000000000800a2a4        0x0 d:/program files/st/stm32cubeide_1.1.0/stm32cubeide/plugins/com.st.stm32cube.ide.mcu.externaltools.gnu-tools-for-stm32.7-2018-q2-update.win32_1.0.0.201904181610/tools/bin/../lib/gcc/arm-none-eabi/7.3.1/thumb/v6-m/crtbegin.o

.preinit_array  0x000000000800a2a4        0x0
                0x000000000800a2a4                . = ALIGN (0x4)
                0x000000000800a2a4                PROVIDE (__preinit_array_start = .)
 *(.preinit_array*)
                0x000000000800a2a4                PROVIDE (__preinit_array_end = .)
                0x000000000800a2a4                . = ALIGN (0x4)

.init_array     0x000000000800a2a4        0x4
                0x000000000800a2a4                . = ALIGN (0x4)
                0x000000000800a2a4                PROVIDE (__init_array_start = .)
 *(SORT_BY_NAME(.init_array.*))
 *(.init_array*)
 .init_array    0x000000000800a2a4        0x4 d:/program files/st/stm32cubeide_1.1.0/stm32cubeide/plugins/com.st.stm32cube.ide.mcu.externaltools.gnu-tools-for-stm32.7-2018-q2-update.win32_1.0.0.201904181610/tools/bin/../lib/gcc/arm-none-eabi/7.3.1/thumb/v6-m/crtbegin.o
                0x000000000800a2a8                PROVIDE (__init_array_end = .)
                0x000000000800a2a8                . = ALIGN (0x4)

.fini_array     0x000000000800a2a8        0x4
                0x000000000800a2a8                . = ALIGN (0x4)
                [!provide]                        PROVIDE (__fini_array_start = .)
 *(SORT_BY_NAME(.fini_array.*))
 *(.fini_array*)
 .fini_array    0x000000000800a2a8        0x4 d:/program files/st/stm32cubeide_1.1.0/stm32cubeide/plugins/com.st.stm32cube.ide.mcu.externaltools.gnu-tools-for-stm32.7-2018-q2-update.win32_1.0.0.201904181610/tools/bin/../lib/gcc/arm-none-eabi/7.3.1/thumb/v6-m/crtbegin.o
                [!provide]                        PROVIDE (__fini_array_end = .)
                0x000000000800a2ac                . = ALIGN (0x4)
                0x000000000800a2ac                _sidata = LOADADDR (.data)

.data           0x0000000020000000      0x194 load address 0x000000000800a2ac
                0x0000000020000000                . = ALIGN (0x4)
                0x0000000020000000                _sdata = .
 *(.data)
 *(.data*)
 .data.LSM6DS3_X_ExtDrv
                0x0000000020000000       0xd4 Core/Src/LSM6DS3_ACC_GYRO_driver_HL.o
                0x0000000020000000                LSM6DS3_X_ExtDrv
 .data.LSM6DS3_X_Drv
                0x00000000200000d4       0x50 Core/Src/LSM6DS3_ACC_GYRO_driver_HL.o
                0x00000000200000d4                LSM6DS3_X_Drv
 .data.SystemCoreClock
                0x0000000020000124        0x4 Core/Src/system_stm32g0xx.o
                0x0000000020000124                SystemCoreClock
 .data.uwTickPrio
                0x0000000020000128        0x4 Drivers/STM32G0xx_HAL_Driver/Src/stm32g0xx_hal.o
                0x0000000020000128                uwTickPrio
 .data.uwTickFreq
                0x000000002000012c        0x4 Drivers/STM32G0xx_HAL_Driver/Src/stm32g0xx_hal.o
                0x000000002000012c                uwTickFreq
 .data._impure_ptr
                0x0000000020000130        0x4 d:/program files/st/stm32cubeide_1.1.0/stm32cubeide/plugins/com.st.stm32cube.ide.mcu.externaltools.gnu-tools-for-stm32.7-2018-q2-update.win32_1.0.0.201904181610/tools/bin/../lib/gcc/arm-none-eabi/7.3.1/../../../../arm-none-eabi/lib/thumb/v6-m\libc_nano.a(lib_a-impure.o)
                0x0000000020000130                _impure_ptr
 .data.impure_data
                0x0000000020000134       0x60 d:/program files/st/stm32cubeide_1.1.0/stm32cubeide/plugins/com.st.stm32cube.ide.mcu.externaltools.gnu-tools-for-stm32.7-2018-q2-update.win32_1.0.0.201904181610/tools/bin/../lib/gcc/arm-none-eabi/7.3.1/../../../../arm-none-eabi/lib/thumb/v6-m\libc_nano.a(lib_a-impure.o)
                0x0000000020000194                . = ALIGN (0x4)
                0x0000000020000194                _edata = .

.igot.plt       0x0000000020000194        0x0 load address 0x000000000800a440
 .igot.plt      0x0000000020000194        0x0 d:/program files/st/stm32cubeide_1.1.0/stm32cubeide/plugins/com.st.stm32cube.ide.mcu.externaltools.gnu-tools-for-stm32.7-2018-q2-update.win32_1.0.0.201904181610/tools/bin/../lib/gcc/arm-none-eabi/7.3.1/thumb/v6-m/crtbegin.o
                0x0000000020000194                . = ALIGN (0x4)

.bss            0x0000000020000194      0x2f4 load address 0x000000000800a440
                0x0000000020000194                _sbss = .
                0x0000000020000194                __bss_start__ = _sbss
 *(.bss)
 .bss           0x0000000020000194       0x1c d:/program files/st/stm32cubeide_1.1.0/stm32cubeide/plugins/com.st.stm32cube.ide.mcu.externaltools.gnu-tools-for-stm32.7-2018-q2-update.win32_1.0.0.201904181610/tools/bin/../lib/gcc/arm-none-eabi/7.3.1/thumb/v6-m/crtbegin.o
 *(.bss*)
 .bss.mems_int1_detected
                0x00000000200001b0        0x1 Core/Src/main.o
 *fill*         0x00000000200001b1        0x3 
 .bss.dataOut   0x00000000200001b4      0x100 Core/Src/main.o
 .bss.LSM6DS3_X_0_handle
                0x00000000200002b4        0x4 Core/Src/main.o
 .bss.ACCELERO_SensorHandle
                0x00000000200002b8       0xa0 Core/Src/main.o
 .bss.ACCELERO_Data
                0x0000000020000358       0x40 Core/Src/main.o
 .bss.LSM6DS3_X_0_Data
                0x0000000020000398        0x4 Core/Src/main.o
 .bss.heap_end.5149
                0x000000002000039c        0x4 Core/Src/sysmem.o
 .bss.__malloc_free_list
                0x00000000200003a0        0x4 d:/program files/st/stm32cubeide_1.1.0/stm32cubeide/plugins/com.st.stm32cube.ide.mcu.externaltools.gnu-tools-for-stm32.7-2018-q2-update.win32_1.0.0.201904181610/tools/bin/../lib/gcc/arm-none-eabi/7.3.1/../../../../arm-none-eabi/lib/thumb/v6-m\libc_nano.a(lib_a-nano-mallocr.o)
                0x00000000200003a0                __malloc_free_list
 .bss.__malloc_sbrk_start
                0x00000000200003a4        0x4 d:/program files/st/stm32cubeide_1.1.0/stm32cubeide/plugins/com.st.stm32cube.ide.mcu.externaltools.gnu-tools-for-stm32.7-2018-q2-update.win32_1.0.0.201904181610/tools/bin/../lib/gcc/arm-none-eabi/7.3.1/../../../../arm-none-eabi/lib/thumb/v6-m\libc_nano.a(lib_a-nano-mallocr.o)
                0x00000000200003a4                __malloc_sbrk_start
 *(COMMON)
 COMMON         0x00000000200003a8       0xd8 Core/Src/main.o
                0x00000000200003a8                hi2c2
                0x00000000200003f4                huart2
 COMMON         0x0000000020000480        0x4 Drivers/STM32G0xx_HAL_Driver/Src/stm32g0xx_hal.o
                0x0000000020000480                uwTick
 COMMON         0x0000000020000484        0x4 d:/program files/st/stm32cubeide_1.1.0/stm32cubeide/plugins/com.st.stm32cube.ide.mcu.externaltools.gnu-tools-for-stm32.7-2018-q2-update.win32_1.0.0.201904181610/tools/bin/../lib/gcc/arm-none-eabi/7.3.1/../../../../arm-none-eabi/lib/thumb/v6-m\libc_nano.a(lib_a-reent.o)
                0x0000000020000484                errno
                0x0000000020000488                . = ALIGN (0x4)
                0x0000000020000488                _ebss = .
                0x0000000020000488                __bss_end__ = _ebss

._user_heap_stack
                0x0000000020000488      0x600 load address 0x000000000800a440
                0x0000000020000488                . = ALIGN (0x8)
                0x0000000020000488                PROVIDE (end = .)
                [!provide]                        PROVIDE (_end = .)
                0x0000000020000688                . = (. + _Min_Heap_Size)
 *fill*         0x0000000020000488      0x200 
                0x0000000020000a88                . = (. + _Min_Stack_Size)
 *fill*         0x0000000020000688      0x400 
                0x0000000020000a88                . = ALIGN (0x8)

/DISCARD/
 libc.a(*)
 libm.a(*)
 libgcc.a(*)

.ARM.attributes
                0x0000000000000000       0x28
 *(.ARM.attributes)
 .ARM.attributes
                0x0000000000000000       0x1e d:/program files/st/stm32cubeide_1.1.0/stm32cubeide/plugins/com.st.stm32cube.ide.mcu.externaltools.gnu-tools-for-stm32.7-2018-q2-update.win32_1.0.0.201904181610/tools/bin/../lib/gcc/arm-none-eabi/7.3.1/thumb/v6-m/crti.o
 .ARM.attributes
                0x000000000000001e       0x2c d:/program files/st/stm32cubeide_1.1.0/stm32cubeide/plugins/com.st.stm32cube.ide.mcu.externaltools.gnu-tools-for-stm32.7-2018-q2-update.win32_1.0.0.201904181610/tools/bin/../lib/gcc/arm-none-eabi/7.3.1/thumb/v6-m/crtbegin.o
 .ARM.attributes
                0x000000000000004a       0x32 Core/Src/LSM6DS3_ACC_GYRO_driver.o
 .ARM.attributes
                0x000000000000007c       0x32 Core/Src/LSM6DS3_ACC_GYRO_driver_HL.o
 .ARM.attributes
                0x00000000000000ae       0x32 Core/Src/main.o
 .ARM.attributes
                0x00000000000000e0       0x32 Core/Src/stm32g0xx_hal_msp.o
 .ARM.attributes
                0x0000000000000112       0x32 Core/Src/stm32g0xx_it.o
 .ARM.attributes
                0x0000000000000144       0x32 Core/Src/sysmem.o
 .ARM.attributes
                0x0000000000000176       0x32 Core/Src/system_stm32g0xx.o
 .ARM.attributes
                0x00000000000001a8       0x21 Core/Startup/startup_stm32g071rbtx.o
 .ARM.attributes
                0x00000000000001c9       0x32 Drivers/STM32G0xx_HAL_Driver/Src/stm32g0xx_hal.o
 .ARM.attributes
                0x00000000000001fb       0x32 Drivers/STM32G0xx_HAL_Driver/Src/stm32g0xx_hal_cortex.o
 .ARM.attributes
                0x000000000000022d       0x32 Drivers/STM32G0xx_HAL_Driver/Src/stm32g0xx_hal_gpio.o
 .ARM.attributes
                0x000000000000025f       0x32 Drivers/STM32G0xx_HAL_Driver/Src/stm32g0xx_hal_i2c.o
 .ARM.attributes
                0x0000000000000291       0x32 Drivers/STM32G0xx_HAL_Driver/Src/stm32g0xx_hal_i2c_ex.o
 .ARM.attributes
                0x00000000000002c3       0x32 Drivers/STM32G0xx_HAL_Driver/Src/stm32g0xx_hal_pwr_ex.o
 .ARM.attributes
                0x00000000000002f5       0x32 Drivers/STM32G0xx_HAL_Driver/Src/stm32g0xx_hal_rcc.o
 .ARM.attributes
                0x0000000000000327       0x32 Drivers/STM32G0xx_HAL_Driver/Src/stm32g0xx_hal_rcc_ex.o
 .ARM.attributes
                0x0000000000000359       0x32 Drivers/STM32G0xx_HAL_Driver/Src/stm32g0xx_hal_uart.o
 .ARM.attributes
                0x000000000000038b       0x32 Drivers/STM32G0xx_HAL_Driver/Src/stm32g0xx_hal_uart_ex.o
 .ARM.attributes
                0x00000000000003bd       0x2c d:/program files/st/stm32cubeide_1.1.0/stm32cubeide/plugins/com.st.stm32cube.ide.mcu.externaltools.gnu-tools-for-stm32.7-2018-q2-update.win32_1.0.0.201904181610/tools/bin/../lib/gcc/arm-none-eabi/7.3.1/../../../../arm-none-eabi/lib/thumb/v6-m\libc_nano.a(lib_a-errno.o)
 .ARM.attributes
                0x00000000000003e9       0x2c d:/program files/st/stm32cubeide_1.1.0/stm32cubeide/plugins/com.st.stm32cube.ide.mcu.externaltools.gnu-tools-for-stm32.7-2018-q2-update.win32_1.0.0.201904181610/tools/bin/../lib/gcc/arm-none-eabi/7.3.1/../../../../arm-none-eabi/lib/thumb/v6-m\libc_nano.a(lib_a-impure.o)
 .ARM.attributes
                0x0000000000000415       0x2c d:/program files/st/stm32cubeide_1.1.0/stm32cubeide/plugins/com.st.stm32cube.ide.mcu.externaltools.gnu-tools-for-stm32.7-2018-q2-update.win32_1.0.0.201904181610/tools/bin/../lib/gcc/arm-none-eabi/7.3.1/../../../../arm-none-eabi/lib/thumb/v6-m\libc_nano.a(lib_a-init.o)
 .ARM.attributes
                0x0000000000000441       0x2c d:/program files/st/stm32cubeide_1.1.0/stm32cubeide/plugins/com.st.stm32cube.ide.mcu.externaltools.gnu-tools-for-stm32.7-2018-q2-update.win32_1.0.0.201904181610/tools/bin/../lib/gcc/arm-none-eabi/7.3.1/../../../../arm-none-eabi/lib/thumb/v6-m\libc_nano.a(lib_a-memcpy-stub.o)
 .ARM.attributes
                0x000000000000046d       0x2c d:/program files/st/stm32cubeide_1.1.0/stm32cubeide/plugins/com.st.stm32cube.ide.mcu.externaltools.gnu-tools-for-stm32.7-2018-q2-update.win32_1.0.0.201904181610/tools/bin/../lib/gcc/arm-none-eabi/7.3.1/../../../../arm-none-eabi/lib/thumb/v6-m\libc_nano.a(lib_a-memset.o)
 .ARM.attributes
                0x0000000000000499       0x2c d:/program files/st/stm32cubeide_1.1.0/stm32cubeide/plugins/com.st.stm32cube.ide.mcu.externaltools.gnu-tools-for-stm32.7-2018-q2-update.win32_1.0.0.201904181610/tools/bin/../lib/gcc/arm-none-eabi/7.3.1/../../../../arm-none-eabi/lib/thumb/v6-m\libc_nano.a(lib_a-snprintf.o)
 .ARM.attributes
                0x00000000000004c5       0x1c d:/program files/st/stm32cubeide_1.1.0/stm32cubeide/plugins/com.st.stm32cube.ide.mcu.externaltools.gnu-tools-for-stm32.7-2018-q2-update.win32_1.0.0.201904181610/tools/bin/../lib/gcc/arm-none-eabi/7.3.1/../../../../arm-none-eabi/lib/thumb/v6-m\libc_nano.a(lib_a-strlen.o)
 .ARM.attributes
                0x00000000000004e1       0x2c d:/program files/st/stm32cubeide_1.1.0/stm32cubeide/plugins/com.st.stm32cube.ide.mcu.externaltools.gnu-tools-for-stm32.7-2018-q2-update.win32_1.0.0.201904181610/tools/bin/../lib/gcc/arm-none-eabi/7.3.1/../../../../arm-none-eabi/lib/thumb/v6-m\libc_nano.a(lib_a-nano-svfprintf.o)
 .ARM.attributes
                0x000000000000050d       0x2c d:/program files/st/stm32cubeide_1.1.0/stm32cubeide/plugins/com.st.stm32cube.ide.mcu.externaltools.gnu-tools-for-stm32.7-2018-q2-update.win32_1.0.0.201904181610/tools/bin/../lib/gcc/arm-none-eabi/7.3.1/../../../../arm-none-eabi/lib/thumb/v6-m\libc_nano.a(lib_a-nano-vfprintf_i.o)
 .ARM.attributes
                0x0000000000000539       0x2c d:/program files/st/stm32cubeide_1.1.0/stm32cubeide/plugins/com.st.stm32cube.ide.mcu.externaltools.gnu-tools-for-stm32.7-2018-q2-update.win32_1.0.0.201904181610/tools/bin/../lib/gcc/arm-none-eabi/7.3.1/../../../../arm-none-eabi/lib/thumb/v6-m\libc_nano.a(lib_a-memchr-stub.o)
 .ARM.attributes
                0x0000000000000565       0x2c d:/program files/st/stm32cubeide_1.1.0/stm32cubeide/plugins/com.st.stm32cube.ide.mcu.externaltools.gnu-tools-for-stm32.7-2018-q2-update.win32_1.0.0.201904181610/tools/bin/../lib/gcc/arm-none-eabi/7.3.1/../../../../arm-none-eabi/lib/thumb/v6-m\libc_nano.a(lib_a-memmove.o)
 .ARM.attributes
                0x0000000000000591       0x2c d:/program files/st/stm32cubeide_1.1.0/stm32cubeide/plugins/com.st.stm32cube.ide.mcu.externaltools.gnu-tools-for-stm32.7-2018-q2-update.win32_1.0.0.201904181610/tools/bin/../lib/gcc/arm-none-eabi/7.3.1/../../../../arm-none-eabi/lib/thumb/v6-m\libc_nano.a(lib_a-nano-freer.o)
 .ARM.attributes
                0x00000000000005bd       0x2c d:/program files/st/stm32cubeide_1.1.0/stm32cubeide/plugins/com.st.stm32cube.ide.mcu.externaltools.gnu-tools-for-stm32.7-2018-q2-update.win32_1.0.0.201904181610/tools/bin/../lib/gcc/arm-none-eabi/7.3.1/../../../../arm-none-eabi/lib/thumb/v6-m\libc_nano.a(lib_a-nano-mallocr.o)
 .ARM.attributes
                0x00000000000005e9       0x2c d:/program files/st/stm32cubeide_1.1.0/stm32cubeide/plugins/com.st.stm32cube.ide.mcu.externaltools.gnu-tools-for-stm32.7-2018-q2-update.win32_1.0.0.201904181610/tools/bin/../lib/gcc/arm-none-eabi/7.3.1/../../../../arm-none-eabi/lib/thumb/v6-m\libc_nano.a(lib_a-nano-reallocr.o)
 .ARM.attributes
                0x0000000000000615       0x2c d:/program files/st/stm32cubeide_1.1.0/stm32cubeide/plugins/com.st.stm32cube.ide.mcu.externaltools.gnu-tools-for-stm32.7-2018-q2-update.win32_1.0.0.201904181610/tools/bin/../lib/gcc/arm-none-eabi/7.3.1/../../../../arm-none-eabi/lib/thumb/v6-m\libc_nano.a(lib_a-sbrkr.o)
 .ARM.attributes
                0x0000000000000641       0x2c d:/program files/st/stm32cubeide_1.1.0/stm32cubeide/plugins/com.st.stm32cube.ide.mcu.externaltools.gnu-tools-for-stm32.7-2018-q2-update.win32_1.0.0.201904181610/tools/bin/../lib/gcc/arm-none-eabi/7.3.1/../../../../arm-none-eabi/lib/thumb/v6-m\libc_nano.a(lib_a-mlock.o)
 .ARM.attributes
                0x000000000000066d       0x2c d:/program files/st/stm32cubeide_1.1.0/stm32cubeide/plugins/com.st.stm32cube.ide.mcu.externaltools.gnu-tools-for-stm32.7-2018-q2-update.win32_1.0.0.201904181610/tools/bin/../lib/gcc/arm-none-eabi/7.3.1/../../../../arm-none-eabi/lib/thumb/v6-m\libc_nano.a(lib_a-nano-msizer.o)
 .ARM.attributes
                0x0000000000000699       0x2c d:/program files/st/stm32cubeide_1.1.0/stm32cubeide/plugins/com.st.stm32cube.ide.mcu.externaltools.gnu-tools-for-stm32.7-2018-q2-update.win32_1.0.0.201904181610/tools/bin/../lib/gcc/arm-none-eabi/7.3.1/../../../../arm-none-eabi/lib/thumb/v6-m\libc_nano.a(lib_a-reent.o)
 .ARM.attributes
                0x00000000000006c5       0x1e d:/program files/st/stm32cubeide_1.1.0/stm32cubeide/plugins/com.st.stm32cube.ide.mcu.externaltools.gnu-tools-for-stm32.7-2018-q2-update.win32_1.0.0.201904181610/tools/bin/../lib/gcc/arm-none-eabi/7.3.1/thumb/v6-m\libgcc.a(_udivsi3.o)
 .ARM.attributes
                0x00000000000006e3       0x1e d:/program files/st/stm32cubeide_1.1.0/stm32cubeide/plugins/com.st.stm32cube.ide.mcu.externaltools.gnu-tools-for-stm32.7-2018-q2-update.win32_1.0.0.201904181610/tools/bin/../lib/gcc/arm-none-eabi/7.3.1/thumb/v6-m\libgcc.a(_divsi3.o)
 .ARM.attributes
                0x0000000000000701       0x1e d:/program files/st/stm32cubeide_1.1.0/stm32cubeide/plugins/com.st.stm32cube.ide.mcu.externaltools.gnu-tools-for-stm32.7-2018-q2-update.win32_1.0.0.201904181610/tools/bin/../lib/gcc/arm-none-eabi/7.3.1/thumb/v6-m\libgcc.a(_dvmd_tls.o)
 .ARM.attributes
                0x000000000000071f       0x1e d:/program files/st/stm32cubeide_1.1.0/stm32cubeide/plugins/com.st.stm32cube.ide.mcu.externaltools.gnu-tools-for-stm32.7-2018-q2-update.win32_1.0.0.201904181610/tools/bin/../lib/gcc/arm-none-eabi/7.3.1/thumb/v6-m\libgcc.a(_arm_cmpsf2.o)
 .ARM.attributes
                0x000000000000073d       0x1e d:/program files/st/stm32cubeide_1.1.0/stm32cubeide/plugins/com.st.stm32cube.ide.mcu.externaltools.gnu-tools-for-stm32.7-2018-q2-update.win32_1.0.0.201904181610/tools/bin/../lib/gcc/arm-none-eabi/7.3.1/thumb/v6-m\libgcc.a(_aeabi_uldivmod.o)
 .ARM.attributes
                0x000000000000075b       0x2c d:/program files/st/stm32cubeide_1.1.0/stm32cubeide/plugins/com.st.stm32cube.ide.mcu.externaltools.gnu-tools-for-stm32.7-2018-q2-update.win32_1.0.0.201904181610/tools/bin/../lib/gcc/arm-none-eabi/7.3.1/thumb/v6-m\libgcc.a(_udivmoddi4.o)
 .ARM.attributes
                0x0000000000000787       0x2c d:/program files/st/stm32cubeide_1.1.0/stm32cubeide/plugins/com.st.stm32cube.ide.mcu.externaltools.gnu-tools-for-stm32.7-2018-q2-update.win32_1.0.0.201904181610/tools/bin/../lib/gcc/arm-none-eabi/7.3.1/thumb/v6-m\libgcc.a(eqsf2.o)
 .ARM.attributes
                0x00000000000007b3       0x2c d:/program files/st/stm32cubeide_1.1.0/stm32cubeide/plugins/com.st.stm32cube.ide.mcu.externaltools.gnu-tools-for-stm32.7-2018-q2-update.win32_1.0.0.201904181610/tools/bin/../lib/gcc/arm-none-eabi/7.3.1/thumb/v6-m\libgcc.a(gesf2.o)
 .ARM.attributes
                0x00000000000007df       0x2c d:/program files/st/stm32cubeide_1.1.0/stm32cubeide/plugins/com.st.stm32cube.ide.mcu.externaltools.gnu-tools-for-stm32.7-2018-q2-update.win32_1.0.0.201904181610/tools/bin/../lib/gcc/arm-none-eabi/7.3.1/thumb/v6-m\libgcc.a(lesf2.o)
 .ARM.attributes
                0x000000000000080b       0x2c d:/program files/st/stm32cubeide_1.1.0/stm32cubeide/plugins/com.st.stm32cube.ide.mcu.externaltools.gnu-tools-for-stm32.7-2018-q2-update.win32_1.0.0.201904181610/tools/bin/../lib/gcc/arm-none-eabi/7.3.1/thumb/v6-m\libgcc.a(mulsf3.o)
 .ARM.attributes
                0x0000000000000837       0x2c d:/program files/st/stm32cubeide_1.1.0/stm32cubeide/plugins/com.st.stm32cube.ide.mcu.externaltools.gnu-tools-for-stm32.7-2018-q2-update.win32_1.0.0.201904181610/tools/bin/../lib/gcc/arm-none-eabi/7.3.1/thumb/v6-m\libgcc.a(fixsfsi.o)
 .ARM.attributes
                0x0000000000000863       0x2c d:/program files/st/stm32cubeide_1.1.0/stm32cubeide/plugins/com.st.stm32cube.ide.mcu.externaltools.gnu-tools-for-stm32.7-2018-q2-update.win32_1.0.0.201904181610/tools/bin/../lib/gcc/arm-none-eabi/7.3.1/thumb/v6-m\libgcc.a(floatsisf.o)
 .ARM.attributes
                0x000000000000088f       0x1e d:/program files/st/stm32cubeide_1.1.0/stm32cubeide/plugins/com.st.stm32cube.ide.mcu.externaltools.gnu-tools-for-stm32.7-2018-q2-update.win32_1.0.0.201904181610/tools/bin/../lib/gcc/arm-none-eabi/7.3.1/thumb/v6-m\libgcc.a(_clzsi2.o)
 .ARM.attributes
                0x00000000000008ad       0x1e d:/program files/st/stm32cubeide_1.1.0/stm32cubeide/plugins/com.st.stm32cube.ide.mcu.externaltools.gnu-tools-for-stm32.7-2018-q2-update.win32_1.0.0.201904181610/tools/bin/../lib/gcc/arm-none-eabi/7.3.1/thumb/v6-m\libgcc.a(_clzdi2.o)
 .ARM.attributes
                0x00000000000008cb       0x1e d:/program files/st/stm32cubeide_1.1.0/stm32cubeide/plugins/com.st.stm32cube.ide.mcu.externaltools.gnu-tools-for-stm32.7-2018-q2-update.win32_1.0.0.201904181610/tools/bin/../lib/gcc/arm-none-eabi/7.3.1/thumb/v6-m/crtn.o
OUTPUT(LSM6DS3.elf elf32-littlearm)

.debug_info     0x0000000000000000    0x171c9
 .debug_info    0x0000000000000000     0x6c5f Core/Src/LSM6DS3_ACC_GYRO_driver.o
 .debug_info    0x0000000000006c5f     0x3b22 Core/Src/LSM6DS3_ACC_GYRO_driver_HL.o
 .debug_info    0x000000000000a781     0x2a92 Core/Src/main.o
 .debug_info    0x000000000000d213      0xec5 Core/Src/stm32g0xx_hal_msp.o
 .debug_info    0x000000000000e0d8      0x20f Core/Src/stm32g0xx_it.o
 .debug_info    0x000000000000e2e7      0x91c Core/Src/sysmem.o
 .debug_info    0x000000000000ec03      0x434 Core/Src/system_stm32g0xx.o
 .debug_info    0x000000000000f037       0x22 Core/Startup/startup_stm32g071rbtx.o
 .debug_info    0x000000000000f059      0xa11 Drivers/STM32G0xx_HAL_Driver/Src/stm32g0xx_hal.o
 .debug_info    0x000000000000fa6a      0x971 Drivers/STM32G0xx_HAL_Driver/Src/stm32g0xx_hal_cortex.o
 .debug_info    0x00000000000103db      0x67f Drivers/STM32G0xx_HAL_Driver/Src/stm32g0xx_hal_gpio.o
 .debug_info    0x0000000000010a5a     0x2043 Drivers/STM32G0xx_HAL_Driver/Src/stm32g0xx_hal_i2c.o
 .debug_info    0x0000000000012a9d      0xa86 Drivers/STM32G0xx_HAL_Driver/Src/stm32g0xx_hal_i2c_ex.o
 .debug_info    0x0000000000013523      0x64f Drivers/STM32G0xx_HAL_Driver/Src/stm32g0xx_hal_pwr_ex.o
 .debug_info    0x0000000000013b72      0xab0 Drivers/STM32G0xx_HAL_Driver/Src/stm32g0xx_hal_rcc.o
 .debug_info    0x0000000000014622      0x815 Drivers/STM32G0xx_HAL_Driver/Src/stm32g0xx_hal_rcc_ex.o
 .debug_info    0x0000000000014e37     0x1812 Drivers/STM32G0xx_HAL_Driver/Src/stm32g0xx_hal_uart.o
 .debug_info    0x0000000000016649      0xb80 Drivers/STM32G0xx_HAL_Driver/Src/stm32g0xx_hal_uart_ex.o

.debug_abbrev   0x0000000000000000     0x214a
 .debug_abbrev  0x0000000000000000      0x1a4 Core/Src/LSM6DS3_ACC_GYRO_driver.o
 .debug_abbrev  0x00000000000001a4      0x23a Core/Src/LSM6DS3_ACC_GYRO_driver_HL.o
 .debug_abbrev  0x00000000000003de      0x34a Core/Src/main.o
 .debug_abbrev  0x0000000000000728      0x1b1 Core/Src/stm32g0xx_hal_msp.o
 .debug_abbrev  0x00000000000008d9       0xe2 Core/Src/stm32g0xx_it.o
 .debug_abbrev  0x00000000000009bb      0x1bb Core/Src/sysmem.o
 .debug_abbrev  0x0000000000000b76      0x147 Core/Src/system_stm32g0xx.o
 .debug_abbrev  0x0000000000000cbd       0x12 Core/Startup/startup_stm32g071rbtx.o
 .debug_abbrev  0x0000000000000ccf      0x242 Drivers/STM32G0xx_HAL_Driver/Src/stm32g0xx_hal.o
 .debug_abbrev  0x0000000000000f11      0x27c Drivers/STM32G0xx_HAL_Driver/Src/stm32g0xx_hal_cortex.o
 .debug_abbrev  0x000000000000118d      0x1b7 Drivers/STM32G0xx_HAL_Driver/Src/stm32g0xx_hal_gpio.o
 .debug_abbrev  0x0000000000001344      0x239 Drivers/STM32G0xx_HAL_Driver/Src/stm32g0xx_hal_i2c.o
 .debug_abbrev  0x000000000000157d      0x1d5 Drivers/STM32G0xx_HAL_Driver/Src/stm32g0xx_hal_i2c_ex.o
 .debug_abbrev  0x0000000000001752      0x1f6 Drivers/STM32G0xx_HAL_Driver/Src/stm32g0xx_hal_pwr_ex.o
 .debug_abbrev  0x0000000000001948      0x211 Drivers/STM32G0xx_HAL_Driver/Src/stm32g0xx_hal_rcc.o
 .debug_abbrev  0x0000000000001b59      0x1d4 Drivers/STM32G0xx_HAL_Driver/Src/stm32g0xx_hal_rcc_ex.o
 .debug_abbrev  0x0000000000001d2d      0x214 Drivers/STM32G0xx_HAL_Driver/Src/stm32g0xx_hal_uart.o
 .debug_abbrev  0x0000000000001f41      0x209 Drivers/STM32G0xx_HAL_Driver/Src/stm32g0xx_hal_uart_ex.o

.debug_aranges  0x0000000000000000     0x1890
 .debug_aranges
                0x0000000000000000      0x9a8 Core/Src/LSM6DS3_ACC_GYRO_driver.o
 .debug_aranges
                0x00000000000009a8      0x398 Core/Src/LSM6DS3_ACC_GYRO_driver_HL.o
 .debug_aranges
                0x0000000000000d40       0xf0 Core/Src/main.o
 .debug_aranges
                0x0000000000000e30       0x48 Core/Src/stm32g0xx_hal_msp.o
 .debug_aranges
                0x0000000000000e78       0x48 Core/Src/stm32g0xx_it.o
 .debug_aranges
                0x0000000000000ec0       0x20 Core/Src/sysmem.o
 .debug_aranges
                0x0000000000000ee0       0x28 Core/Src/system_stm32g0xx.o
 .debug_aranges
                0x0000000000000f08       0x28 Core/Startup/startup_stm32g071rbtx.o
 .debug_aranges
                0x0000000000000f30      0x120 Drivers/STM32G0xx_HAL_Driver/Src/stm32g0xx_hal.o
 .debug_aranges
                0x0000000000001050       0xd8 Drivers/STM32G0xx_HAL_Driver/Src/stm32g0xx_hal_cortex.o
 .debug_aranges
                0x0000000000001128       0x60 Drivers/STM32G0xx_HAL_Driver/Src/stm32g0xx_hal_gpio.o
 .debug_aranges
                0x0000000000001188      0x288 Drivers/STM32G0xx_HAL_Driver/Src/stm32g0xx_hal_i2c.o
 .debug_aranges
                0x0000000000001410       0x48 Drivers/STM32G0xx_HAL_Driver/Src/stm32g0xx_hal_i2c_ex.o
 .debug_aranges
                0x0000000000001458       0xc0 Drivers/STM32G0xx_HAL_Driver/Src/stm32g0xx_hal_pwr_ex.o
 .debug_aranges
                0x0000000000001518       0x98 Drivers/STM32G0xx_HAL_Driver/Src/stm32g0xx_hal_rcc.o
 .debug_aranges
                0x00000000000015b0       0x40 Drivers/STM32G0xx_HAL_Driver/Src/stm32g0xx_hal_rcc_ex.o
 .debug_aranges
                0x00000000000015f0      0x218 Drivers/STM32G0xx_HAL_Driver/Src/stm32g0xx_hal_uart.o
 .debug_aranges
                0x0000000000001808       0x88 Drivers/STM32G0xx_HAL_Driver/Src/stm32g0xx_hal_uart_ex.o

.debug_ranges   0x0000000000000000     0x1778
 .debug_ranges  0x0000000000000000      0x998 Core/Src/LSM6DS3_ACC_GYRO_driver.o
 .debug_ranges  0x0000000000000998      0x388 Core/Src/LSM6DS3_ACC_GYRO_driver_HL.o
 .debug_ranges  0x0000000000000d20       0xe0 Core/Src/main.o
 .debug_ranges  0x0000000000000e00       0x38 Core/Src/stm32g0xx_hal_msp.o
 .debug_ranges  0x0000000000000e38       0x38 Core/Src/stm32g0xx_it.o
 .debug_ranges  0x0000000000000e70       0x10 Core/Src/sysmem.o
 .debug_ranges  0x0000000000000e80       0x18 Core/Src/system_stm32g0xx.o
 .debug_ranges  0x0000000000000e98       0x20 Core/Startup/startup_stm32g071rbtx.o
 .debug_ranges  0x0000000000000eb8      0x110 Drivers/STM32G0xx_HAL_Driver/Src/stm32g0xx_hal.o